[2022-11-30T11:43:59.950+0600][0.018s] CardTable entry size: 512
[2022-11-30T11:43:59.951+0600][0.018s] Using G1
[2022-11-30T11:44:00.015+0600][0.083s] Version: 19.0.1+10 (release)
[2022-11-30T11:44:00.015+0600][0.083s] CPUs: 8 total, 8 available
[2022-11-30T11:44:00.015+0600][0.083s] Memory: 11856M
[2022-11-30T11:44:00.015+0600][0.083s] Large Page Support: Disabled
[2022-11-30T11:44:00.015+0600][0.083s] NUMA Support: Disabled
[2022-11-30T11:44:00.015+0600][0.083s] Compressed Oops: Enabled (32-bit)
[2022-11-30T11:44:00.015+0600][0.083s] Heap Region Size: 1M
[2022-11-30T11:44:00.015+0600][0.083s] Heap Min Capacity: 512M
[2022-11-30T11:44:00.015+0600][0.083s] Heap Initial Capacity: 512M
[2022-11-30T11:44:00.015+0600][0.083s] Heap Max Capacity: 512M
[2022-11-30T11:44:00.015+0600][0.083s] Pre-touch: Enabled
[2022-11-30T11:44:00.015+0600][0.083s] Parallel Workers: 8
[2022-11-30T11:44:00.015+0600][0.083s] Concurrent Workers: 2
[2022-11-30T11:44:00.015+0600][0.083s] Concurrent Refinement Workers: 8
[2022-11-30T11:44:00.015+0600][0.083s] Periodic GC: Disabled
[2022-11-30T11:44:00.015+0600][0.083s] CDS archive(s) not mapped
[2022-11-30T11:44:00.015+0600][0.083s] Compressed class space mapped at: 0x0000000100000000-0x0000000140000000, reserved size: 1073741824
[2022-11-30T11:44:00.015+0600][0.083s] Narrow klass base: 0x0000000000000000, Narrow klass shift: 3, Narrow klass range: 0x140000000
[2022-11-30T11:44:01.976+0600][2.044s] GC(0) Pause Young (Normal) (G1 Evacuation Pause)
[2022-11-30T11:44:01.976+0600][2.044s] GC(0) Using 8 workers of 8 for evacuation
[2022-11-30T11:44:01.980+0600][2.047s] GC(0)   Pre Evacuate Collection Set: 0.1ms
[2022-11-30T11:44:01.980+0600][2.047s] GC(0)   Merge Heap Roots: 0.1ms
[2022-11-30T11:44:01.980+0600][2.047s] GC(0)   Evacuate Collection Set: 2.9ms
[2022-11-30T11:44:01.980+0600][2.047s] GC(0)   Post Evacuate Collection Set: 0.5ms
[2022-11-30T11:44:01.980+0600][2.047s] GC(0)   Other: 0.1ms
[2022-11-30T11:44:01.980+0600][2.047s] GC(0) Eden regions: 29->0(40)
[2022-11-30T11:44:01.980+0600][2.047s] GC(0) Survivor regions: 0->4(4)
[2022-11-30T11:44:01.980+0600][2.047s] GC(0) Old regions: 0->1
[2022-11-30T11:44:01.980+0600][2.047s] GC(0) Archive regions: 0->0
[2022-11-30T11:44:01.980+0600][2.047s] GC(0) Humongous regions: 0->0
[2022-11-30T11:44:01.980+0600][2.047s] GC(0) Metaspace: 18727K(19008K)->18727K(19008K) NonClass: 16899K(17024K)->16899K(17024K) Class: 1828K(1984K)->1828K(1984K)
[2022-11-30T11:44:01.980+0600][2.048s] GC(0) Pause Young (Normal) (G1 Evacuation Pause) 29M->4M(512M) 3.841ms
[2022-11-30T11:44:01.980+0600][2.048s] GC(0) User=0.02s Sys=0.00s Real=0.00s
[2022-11-30T11:44:02.157+0600][2.225s] GC(1) Pause Young (Concurrent Start) (Metadata GC Threshold)
[2022-11-30T11:44:02.158+0600][2.225s] GC(1) Using 8 workers of 8 for evacuation
[2022-11-30T11:44:02.174+0600][2.242s] GC(1)   Pre Evacuate Collection Set: 0.4ms
[2022-11-30T11:44:02.174+0600][2.242s] GC(1)   Merge Heap Roots: 0.2ms
[2022-11-30T11:44:02.174+0600][2.242s] GC(1)   Evacuate Collection Set: 15.1ms
[2022-11-30T11:44:02.174+0600][2.242s] GC(1)   Post Evacuate Collection Set: 0.8ms
[2022-11-30T11:44:02.174+0600][2.242s] GC(1)   Other: 0.3ms
[2022-11-30T11:44:02.174+0600][2.242s] GC(1) Eden regions: 13->0(56)
[2022-11-30T11:44:02.174+0600][2.242s] GC(1) Survivor regions: 4->6(6)
[2022-11-30T11:44:02.175+0600][2.242s] GC(1) Old regions: 1->6
[2022-11-30T11:44:02.175+0600][2.242s] GC(1) Archive regions: 0->0
[2022-11-30T11:44:02.175+0600][2.242s] GC(1) Humongous regions: 4->4
[2022-11-30T11:44:02.175+0600][2.242s] GC(1) Metaspace: 21189K(21504K)->21189K(21504K) NonClass: 19060K(19200K)->19060K(19200K) Class: 2129K(2304K)->2129K(2304K)
[2022-11-30T11:44:02.175+0600][2.242s] GC(1) Pause Young (Concurrent Start) (Metadata GC Threshold) 20M->15M(512M) 17.176ms
[2022-11-30T11:44:02.175+0600][2.242s] GC(1) User=0.12s Sys=0.00s Real=0.01s
[2022-11-30T11:44:02.175+0600][2.242s] GC(2) Concurrent Mark Cycle
[2022-11-30T11:44:02.175+0600][2.242s] GC(2) Concurrent Clear Claimed Marks
[2022-11-30T11:44:02.175+0600][2.242s] GC(2) Concurrent Clear Claimed Marks 0.029ms
[2022-11-30T11:44:02.175+0600][2.242s] GC(2) Concurrent Scan Root Regions
[2022-11-30T11:44:02.180+0600][2.248s] GC(2) Concurrent Scan Root Regions 5.305ms
[2022-11-30T11:44:02.180+0600][2.248s] GC(2) Concurrent Mark
[2022-11-30T11:44:02.180+0600][2.248s] GC(2) Concurrent Mark From Roots
[2022-11-30T11:44:02.180+0600][2.248s] GC(2) Using 2 workers of 2 for marking
[2022-11-30T11:44:02.182+0600][2.249s] GC(2) Concurrent Mark From Roots 1.468ms
[2022-11-30T11:44:02.182+0600][2.249s] GC(2) Concurrent Preclean
[2022-11-30T11:44:02.182+0600][2.249s] GC(2) Concurrent Preclean 0.011ms
[2022-11-30T11:44:02.187+0600][2.255s] GC(2) Pause Remark
[2022-11-30T11:44:02.189+0600][2.256s] GC(2) Pause Remark 16M->16M(512M) 1.348ms
[2022-11-30T11:44:02.189+0600][2.256s] GC(2) User=0.01s Sys=0.00s Real=0.00s
[2022-11-30T11:44:02.189+0600][2.256s] GC(2) Concurrent Mark 8.490ms
[2022-11-30T11:44:02.189+0600][2.256s] GC(2) Concurrent Rebuild Remembered Sets
[2022-11-30T11:44:02.189+0600][2.256s] GC(2) Concurrent Rebuild Remembered Sets 0.008ms
[2022-11-30T11:44:02.189+0600][2.257s] GC(2) Pause Cleanup
[2022-11-30T11:44:02.189+0600][2.257s] GC(2) Pause Cleanup 16M->16M(512M) 0.031ms
[2022-11-30T11:44:02.189+0600][2.257s] GC(2) User=0.00s Sys=0.00s Real=0.00s
[2022-11-30T11:44:02.189+0600][2.257s] GC(2) Concurrent Cleanup for Next Mark
[2022-11-30T11:44:02.190+0600][2.257s] GC(2) Concurrent Cleanup for Next Mark 0.458ms
[2022-11-30T11:44:02.190+0600][2.257s] GC(2) Concurrent Mark Cycle 15.050ms
[2022-11-30T11:44:03.353+0600][3.420s] GC(3) Pause Young (Normal) (G1 Evacuation Pause)
[2022-11-30T11:44:03.353+0600][3.420s] GC(3) Using 8 workers of 8 for evacuation
[2022-11-30T11:44:03.359+0600][3.426s] GC(3)   Pre Evacuate Collection Set: 0.1ms
[2022-11-30T11:44:03.359+0600][3.426s] GC(3)   Merge Heap Roots: 0.1ms
[2022-11-30T11:44:03.359+0600][3.426s] GC(3)   Evacuate Collection Set: 5.1ms
[2022-11-30T11:44:03.359+0600][3.426s] GC(3)   Post Evacuate Collection Set: 0.6ms
[2022-11-30T11:44:03.359+0600][3.426s] GC(3)   Other: 0.1ms
[2022-11-30T11:44:03.359+0600][3.426s] GC(3) Eden regions: 56->0(149)
[2022-11-30T11:44:03.359+0600][3.426s] GC(3) Survivor regions: 6->7(8)
[2022-11-30T11:44:03.359+0600][3.426s] GC(3) Old regions: 6->12
[2022-11-30T11:44:03.359+0600][3.426s] GC(3) Archive regions: 0->0
[2022-11-30T11:44:03.359+0600][3.426s] GC(3) Humongous regions: 4->4
[2022-11-30T11:44:03.359+0600][3.426s] GC(3) Metaspace: 26970K(27328K)->26970K(27328K) NonClass: 24235K(24384K)->24235K(24384K) Class: 2735K(2944K)->2735K(2944K)
[2022-11-30T11:44:03.359+0600][3.426s] GC(3) Pause Young (Normal) (G1 Evacuation Pause) 71M->22M(512M) 6.158ms
[2022-11-30T11:44:03.359+0600][3.426s] GC(3) User=0.04s Sys=0.00s Real=0.01s
[2022-11-30T11:44:04.531+0600][4.599s] GC(4) Pause Young (Concurrent Start) (Metadata GC Threshold)
[2022-11-30T11:44:04.531+0600][4.599s] GC(4) Using 8 workers of 8 for evacuation
[2022-11-30T11:44:04.535+0600][4.602s] GC(4)   Pre Evacuate Collection Set: 0.1ms
[2022-11-30T11:44:04.535+0600][4.602s] GC(4)   Merge Heap Roots: 0.1ms
[2022-11-30T11:44:04.535+0600][4.602s] GC(4)   Evacuate Collection Set: 2.4ms
[2022-11-30T11:44:04.535+0600][4.602s] GC(4)   Post Evacuate Collection Set: 0.6ms
[2022-11-30T11:44:04.535+0600][4.602s] GC(4)   Other: 0.1ms
[2022-11-30T11:44:04.535+0600][4.602s] GC(4) Eden regions: 88->0(299)
[2022-11-30T11:44:04.535+0600][4.602s] GC(4) Survivor regions: 7->8(20)
[2022-11-30T11:44:04.535+0600][4.602s] GC(4) Old regions: 12->12
[2022-11-30T11:44:04.535+0600][4.602s] GC(4) Archive regions: 0->0
[2022-11-30T11:44:04.535+0600][4.602s] GC(4) Humongous regions: 4->4
[2022-11-30T11:44:04.535+0600][4.602s] GC(4) Metaspace: 35556K(35968K)->35556K(35968K) NonClass: 31909K(32128K)->31909K(32128K) Class: 3647K(3840K)->3647K(3840K)
[2022-11-30T11:44:04.535+0600][4.602s] GC(4) Pause Young (Concurrent Start) (Metadata GC Threshold) 110M->23M(512M) 3.314ms
[2022-11-30T11:44:04.535+0600][4.602s] GC(4) User=0.02s Sys=0.00s Real=0.00s
[2022-11-30T11:44:04.535+0600][4.602s] GC(5) Concurrent Mark Cycle
[2022-11-30T11:44:04.535+0600][4.602s] GC(5) Concurrent Clear Claimed Marks
[2022-11-30T11:44:04.535+0600][4.602s] GC(5) Concurrent Clear Claimed Marks 0.035ms
[2022-11-30T11:44:04.535+0600][4.602s] GC(5) Concurrent Scan Root Regions
[2022-11-30T11:44:04.537+0600][4.604s] GC(5) Concurrent Scan Root Regions 2.152ms
[2022-11-30T11:44:04.537+0600][4.604s] GC(5) Concurrent Mark
[2022-11-30T11:44:04.537+0600][4.604s] GC(5) Concurrent Mark From Roots
[2022-11-30T11:44:04.537+0600][4.604s] GC(5) Using 2 workers of 2 for marking
[2022-11-30T11:44:04.551+0600][4.619s] GC(5) Concurrent Mark From Roots 14.371ms
[2022-11-30T11:44:04.551+0600][4.619s] GC(5) Concurrent Preclean
[2022-11-30T11:44:04.551+0600][4.619s] GC(5) Concurrent Preclean 0.034ms
[2022-11-30T11:44:04.552+0600][4.619s] GC(5) Pause Remark
[2022-11-30T11:44:04.553+0600][4.621s] GC(5) Pause Remark 25M->25M(512M) 1.262ms
[2022-11-30T11:44:04.553+0600][4.621s] GC(5) User=0.01s Sys=0.00s Real=0.00s
[2022-11-30T11:44:04.553+0600][4.621s] GC(5) Concurrent Mark 16.197ms
[2022-11-30T11:44:04.553+0600][4.621s] GC(5) Concurrent Rebuild Remembered Sets
[2022-11-30T11:44:04.560+0600][4.628s] GC(5) Concurrent Rebuild Remembered Sets 7.250ms
[2022-11-30T11:44:04.560+0600][4.628s] GC(5) Pause Cleanup
[2022-11-30T11:44:04.561+0600][4.628s] GC(5) Pause Cleanup 26M->26M(512M) 0.088ms
[2022-11-30T11:44:04.561+0600][4.628s] GC(5) User=0.00s Sys=0.00s Real=0.00s
[2022-11-30T11:44:04.561+0600][4.628s] GC(5) Concurrent Cleanup for Next Mark
[2022-11-30T11:44:04.561+0600][4.628s] GC(5) Concurrent Cleanup for Next Mark 0.290ms
[2022-11-30T11:44:04.561+0600][4.628s] GC(5) Concurrent Mark Cycle 26.303ms
[2022-11-30T11:48:13.695+0600][253.763s] GC(6) Pause Young (Prepare Mixed) (GCLocker Initiated GC)
[2022-11-30T11:48:13.695+0600][253.763s] GC(6) Using 8 workers of 8 for evacuation
[2022-11-30T11:48:13.708+0600][253.776s] GC(6)   Pre Evacuate Collection Set: 0.1ms
[2022-11-30T11:48:13.708+0600][253.776s] GC(6)   Merge Heap Roots: 0.1ms
[2022-11-30T11:48:13.708+0600][253.776s] GC(6)   Evacuate Collection Set: 10.9ms
[2022-11-30T11:48:13.708+0600][253.776s] GC(6)   Post Evacuate Collection Set: 1.7ms
[2022-11-30T11:48:13.708+0600][253.776s] GC(6)   Other: 0.2ms
[2022-11-30T11:48:13.708+0600][253.776s] GC(6) Eden regions: 300->0(1)
[2022-11-30T11:48:13.708+0600][253.776s] GC(6) Survivor regions: 8->27(39)
[2022-11-30T11:48:13.708+0600][253.776s] GC(6) Old regions: 12->12
[2022-11-30T11:48:13.708+0600][253.776s] GC(6) Archive regions: 0->0
[2022-11-30T11:48:13.708+0600][253.776s] GC(6) Humongous regions: 5->4
[2022-11-30T11:48:13.708+0600][253.776s] GC(6) Metaspace: 57084K(57664K)->57084K(57664K) NonClass: 50790K(51072K)->50790K(51072K) Class: 6294K(6592K)->6294K(6592K)
[2022-11-30T11:48:13.708+0600][253.776s] GC(6) Pause Young (Prepare Mixed) (GCLocker Initiated GC) 323M->42M(512M) 13.124ms
[2022-11-30T11:48:13.708+0600][253.776s] GC(6) User=0.06s Sys=0.00s Real=0.02s
[2022-11-30T11:48:13.710+0600][253.778s] GC(7) Pause Young (Mixed) (GCLocker Initiated GC)
[2022-11-30T11:48:13.710+0600][253.778s] GC(7) Using 8 workers of 8 for evacuation
[2022-11-30T11:48:13.726+0600][253.793s] GC(7)   Pre Evacuate Collection Set: 0.1ms
[2022-11-30T11:48:13.726+0600][253.793s] GC(7)   Merge Heap Roots: 0.1ms
[2022-11-30T11:48:13.726+0600][253.793s] GC(7)   Evacuate Collection Set: 14.2ms
[2022-11-30T11:48:13.726+0600][253.793s] GC(7)   Post Evacuate Collection Set: 0.8ms
[2022-11-30T11:48:13.726+0600][253.793s] GC(7)   Other: 0.1ms
[2022-11-30T11:48:13.726+0600][253.793s] GC(7) Eden regions: 1->0(305)
[2022-11-30T11:48:13.726+0600][253.793s] GC(7) Survivor regions: 27->2(4)
[2022-11-30T11:48:13.726+0600][253.793s] GC(7) Old regions: 12->39
[2022-11-30T11:48:13.726+0600][253.793s] GC(7) Archive regions: 0->0
[2022-11-30T11:48:13.726+0600][253.793s] GC(7) Humongous regions: 4->4
[2022-11-30T11:48:13.726+0600][253.793s] GC(7) Metaspace: 57086K(57664K)->57086K(57664K) NonClass: 50792K(51072K)->50792K(51072K) Class: 6294K(6592K)->6294K(6592K)
[2022-11-30T11:48:13.726+0600][253.793s] GC(7) Pause Young (Mixed) (GCLocker Initiated GC) 43M->43M(512M) 15.424ms
[2022-11-30T11:48:13.726+0600][253.793s] GC(7) User=0.06s Sys=0.00s Real=0.02s
[2022-11-30T12:01:11.097+0600][1031.165s] GC(8) Pause Young (Concurrent Start) (Metadata GC Threshold)
[2022-11-30T12:01:11.097+0600][1031.165s] GC(8) Using 8 workers of 8 for evacuation
[2022-11-30T12:01:11.099+0600][1031.167s] GC(8)   Pre Evacuate Collection Set: 0.2ms
[2022-11-30T12:01:11.099+0600][1031.167s] GC(8)   Merge Heap Roots: 0.1ms
[2022-11-30T12:01:11.099+0600][1031.167s] GC(8)   Evacuate Collection Set: 1.1ms
[2022-11-30T12:01:11.099+0600][1031.167s] GC(8)   Post Evacuate Collection Set: 0.4ms
[2022-11-30T12:01:11.099+0600][1031.167s] GC(8)   Other: 0.1ms
[2022-11-30T12:01:11.099+0600][1031.167s] GC(8) Eden regions: 69->0(305)
[2022-11-30T12:01:11.099+0600][1031.167s] GC(8) Survivor regions: 2->2(39)
[2022-11-30T12:01:11.099+0600][1031.167s] GC(8) Old regions: 39->39
[2022-11-30T12:01:11.099+0600][1031.167s] GC(8) Archive regions: 0->0
[2022-11-30T12:01:11.099+0600][1031.167s] GC(8) Humongous regions: 7->7
[2022-11-30T12:01:11.099+0600][1031.167s] GC(8) Metaspace: 59927K(60480K)->59927K(60480K) NonClass: 53367K(53632K)->53367K(53632K) Class: 6560K(6848K)->6560K(6848K)
[2022-11-30T12:01:11.099+0600][1031.167s] GC(8) Pause Young (Concurrent Start) (Metadata GC Threshold) 115M->47M(512M) 1.973ms
[2022-11-30T12:01:11.099+0600][1031.167s] GC(9) Concurrent Mark Cycle
[2022-11-30T12:01:11.099+0600][1031.167s] GC(8) User=0.01s Sys=0.00s Real=0.00s
[2022-11-30T12:01:11.099+0600][1031.167s] GC(9) Concurrent Clear Claimed Marks
[2022-11-30T12:01:11.099+0600][1031.167s] GC(9) Concurrent Clear Claimed Marks 0.047ms
[2022-11-30T12:01:11.099+0600][1031.167s] GC(9) Concurrent Scan Root Regions
[2022-11-30T12:01:11.100+0600][1031.168s] GC(9) Concurrent Scan Root Regions 1.145ms
[2022-11-30T12:01:11.100+0600][1031.168s] GC(9) Concurrent Mark
[2022-11-30T12:01:11.100+0600][1031.168s] GC(9) Concurrent Mark From Roots
[2022-11-30T12:01:11.100+0600][1031.168s] GC(9) Using 2 workers of 2 for marking
[2022-11-30T12:01:11.132+0600][1031.199s] GC(9) Concurrent Mark From Roots 31.349ms
[2022-11-30T12:01:11.132+0600][1031.199s] GC(9) Concurrent Preclean
[2022-11-30T12:01:11.132+0600][1031.200s] GC(9) Concurrent Preclean 0.516ms
[2022-11-30T12:01:11.132+0600][1031.200s] GC(9) Pause Remark
[2022-11-30T12:01:11.138+0600][1031.206s] GC(9) Pause Remark 51M->51M(512M) 5.783ms
[2022-11-30T12:01:11.138+0600][1031.206s] GC(9) User=0.02s Sys=0.00s Real=0.01s
[2022-11-30T12:01:11.138+0600][1031.206s] GC(9) Concurrent Mark 37.897ms
[2022-11-30T12:01:11.138+0600][1031.206s] GC(9) Concurrent Rebuild Remembered Sets
[2022-11-30T12:01:11.155+0600][1031.222s] GC(9) Concurrent Rebuild Remembered Sets 16.390ms
[2022-11-30T12:01:11.155+0600][1031.222s] GC(9) Pause Cleanup
[2022-11-30T12:01:11.155+0600][1031.223s] GC(9) Pause Cleanup 52M->52M(512M) 0.122ms
[2022-11-30T12:01:11.155+0600][1031.223s] GC(9) User=0.00s Sys=0.00s Real=0.00s
[2022-11-30T12:01:11.155+0600][1031.223s] GC(9) Concurrent Cleanup for Next Mark
[2022-11-30T12:01:11.155+0600][1031.223s] GC(9) Concurrent Cleanup for Next Mark 0.404ms
[2022-11-30T12:01:11.156+0600][1031.223s] GC(9) Concurrent Mark Cycle 56.330ms
[2022-11-30T12:32:49.399+0600][2929.466s] Heap
[2022-11-30T12:32:49.399+0600][2929.466s]  garbage-first heap   total 524288K, used 122887K [0x00000000e0000000, 0x0000000100000000)
[2022-11-30T12:32:49.399+0600][2929.466s]   region size 1024K, 75 young (76800K), 2 survivors (2048K)
[2022-11-30T12:32:49.399+0600][2929.466s]  Metaspace       used 61973K, committed 62400K, reserved 1114112K
[2022-11-30T12:32:49.399+0600][2929.466s]   class space    used 6773K, committed 6976K, reserved 1048576K
