[2022-12-03T00:42:16.034+0600][0.005s] CardTable entry size: 512
[2022-12-03T00:42:16.034+0600][0.005s] Using G1
[2022-12-03T00:42:16.130+0600][0.101s] Version: 19.0.1+10 (release)
[2022-12-03T00:42:16.130+0600][0.101s] CPUs: 8 total, 8 available
[2022-12-03T00:42:16.130+0600][0.101s] Memory: 11856M
[2022-12-03T00:42:16.130+0600][0.101s] Large Page Support: Disabled
[2022-12-03T00:42:16.131+0600][0.101s] NUMA Support: Disabled
[2022-12-03T00:42:16.131+0600][0.101s] Compressed Oops: Enabled (32-bit)
[2022-12-03T00:42:16.131+0600][0.101s] Heap Region Size: 1M
[2022-12-03T00:42:16.131+0600][0.101s] Heap Min Capacity: 512M
[2022-12-03T00:42:16.131+0600][0.101s] Heap Initial Capacity: 512M
[2022-12-03T00:42:16.131+0600][0.101s] Heap Max Capacity: 512M
[2022-12-03T00:42:16.131+0600][0.101s] Pre-touch: Enabled
[2022-12-03T00:42:16.131+0600][0.101s] Parallel Workers: 8
[2022-12-03T00:42:16.131+0600][0.101s] Concurrent Workers: 2
[2022-12-03T00:42:16.131+0600][0.101s] Concurrent Refinement Workers: 8
[2022-12-03T00:42:16.131+0600][0.101s] Periodic GC: Disabled
[2022-12-03T00:42:16.131+0600][0.101s] CDS archive(s) not mapped
[2022-12-03T00:42:16.131+0600][0.101s] Compressed class space mapped at: 0x0000000100000000-0x0000000140000000, reserved size: 1073741824
[2022-12-03T00:42:16.131+0600][0.101s] Narrow klass base: 0x0000000000000000, Narrow klass shift: 3, Narrow klass range: 0x140000000
[2022-12-03T00:42:16.767+0600][0.737s] GC(0) Pause Young (Normal) (G1 Evacuation Pause)
[2022-12-03T00:42:16.767+0600][0.737s] GC(0) Using 8 workers of 8 for evacuation
[2022-12-03T00:42:16.771+0600][0.741s] GC(0)   Pre Evacuate Collection Set: 0.1ms
[2022-12-03T00:42:16.771+0600][0.741s] GC(0)   Merge Heap Roots: 0.1ms
[2022-12-03T00:42:16.771+0600][0.741s] GC(0)   Evacuate Collection Set: 3.4ms
[2022-12-03T00:42:16.771+0600][0.741s] GC(0)   Post Evacuate Collection Set: 0.4ms
[2022-12-03T00:42:16.771+0600][0.741s] GC(0)   Other: 0.1ms
[2022-12-03T00:42:16.771+0600][0.741s] GC(0) Eden regions: 29->0(40)
[2022-12-03T00:42:16.771+0600][0.741s] GC(0) Survivor regions: 0->4(4)
[2022-12-03T00:42:16.771+0600][0.741s] GC(0) Old regions: 0->1
[2022-12-03T00:42:16.771+0600][0.741s] GC(0) Archive regions: 0->0
[2022-12-03T00:42:16.771+0600][0.741s] GC(0) Humongous regions: 0->0
[2022-12-03T00:42:16.771+0600][0.741s] GC(0) Metaspace: 18720K(19008K)->18720K(19008K) NonClass: 16893K(17024K)->16893K(17024K) Class: 1827K(1984K)->1827K(1984K)
[2022-12-03T00:42:16.771+0600][0.742s] GC(0) Pause Young (Normal) (G1 Evacuation Pause) 29M->4M(512M) 4.297ms
[2022-12-03T00:42:16.771+0600][0.742s] GC(0) User=0.01s Sys=0.02s Real=0.00s
[2022-12-03T00:42:16.898+0600][0.868s] GC(1) Pause Young (Concurrent Start) (Metadata GC Threshold)
[2022-12-03T00:42:16.898+0600][0.868s] GC(1) Using 8 workers of 8 for evacuation
[2022-12-03T00:42:16.904+0600][0.874s] GC(1)   Pre Evacuate Collection Set: 0.2ms
[2022-12-03T00:42:16.904+0600][0.874s] GC(1)   Merge Heap Roots: 0.0ms
[2022-12-03T00:42:16.904+0600][0.874s] GC(1)   Evacuate Collection Set: 5.0ms
[2022-12-03T00:42:16.904+0600][0.874s] GC(1)   Post Evacuate Collection Set: 0.6ms
[2022-12-03T00:42:16.904+0600][0.874s] GC(1)   Other: 0.1ms
[2022-12-03T00:42:16.904+0600][0.874s] GC(1) Eden regions: 13->0(59)
[2022-12-03T00:42:16.904+0600][0.875s] GC(1) Survivor regions: 4->6(6)
[2022-12-03T00:42:16.904+0600][0.875s] GC(1) Old regions: 1->6
[2022-12-03T00:42:16.904+0600][0.875s] GC(1) Archive regions: 0->0
[2022-12-03T00:42:16.904+0600][0.875s] GC(1) Humongous regions: 4->4
[2022-12-03T00:42:16.904+0600][0.875s] GC(1) Metaspace: 21185K(21504K)->21185K(21504K) NonClass: 19058K(19200K)->19058K(19200K) Class: 2126K(2304K)->2126K(2304K)
[2022-12-03T00:42:16.904+0600][0.875s] GC(1) Pause Young (Concurrent Start) (Metadata GC Threshold) 20M->15M(512M) 6.090ms
[2022-12-03T00:42:16.904+0600][0.875s] GC(1) User=0.04s Sys=0.00s Real=0.00s
[2022-12-03T00:42:16.904+0600][0.875s] GC(2) Concurrent Mark Cycle
[2022-12-03T00:42:16.904+0600][0.875s] GC(2) Concurrent Clear Claimed Marks
[2022-12-03T00:42:16.904+0600][0.875s] GC(2) Concurrent Clear Claimed Marks 0.023ms
[2022-12-03T00:42:16.904+0600][0.875s] GC(2) Concurrent Scan Root Regions
[2022-12-03T00:42:16.908+0600][0.879s] GC(2) Concurrent Scan Root Regions 3.888ms
[2022-12-03T00:42:16.908+0600][0.879s] GC(2) Concurrent Mark
[2022-12-03T00:42:16.908+0600][0.879s] GC(2) Concurrent Mark From Roots
[2022-12-03T00:42:16.908+0600][0.879s] GC(2) Using 2 workers of 2 for marking
[2022-12-03T00:42:16.909+0600][0.880s] GC(2) Concurrent Mark From Roots 0.962ms
[2022-12-03T00:42:16.909+0600][0.880s] GC(2) Concurrent Preclean
[2022-12-03T00:42:16.909+0600][0.880s] GC(2) Concurrent Preclean 0.008ms
[2022-12-03T00:42:16.909+0600][0.880s] GC(2) Pause Remark
[2022-12-03T00:42:16.910+0600][0.881s] GC(2) Pause Remark 16M->16M(512M) 1.116ms
[2022-12-03T00:42:16.910+0600][0.881s] GC(2) User=0.00s Sys=0.00s Real=0.00s
[2022-12-03T00:42:16.910+0600][0.881s] GC(2) Concurrent Mark 2.265ms
[2022-12-03T00:42:16.910+0600][0.881s] GC(2) Concurrent Rebuild Remembered Sets
[2022-12-03T00:42:16.914+0600][0.884s] GC(2) Concurrent Rebuild Remembered Sets 3.504ms
[2022-12-03T00:42:16.914+0600][0.885s] GC(2) Pause Cleanup
[2022-12-03T00:42:16.914+0600][0.885s] GC(2) Pause Cleanup 16M->16M(512M) 0.114ms
[2022-12-03T00:42:16.914+0600][0.885s] GC(2) User=0.00s Sys=0.00s Real=0.00s
[2022-12-03T00:42:16.914+0600][0.885s] GC(2) Concurrent Cleanup for Next Mark
[2022-12-03T00:42:16.915+0600][0.885s] GC(2) Concurrent Cleanup for Next Mark 0.364ms
[2022-12-03T00:42:16.915+0600][0.885s] GC(2) Concurrent Mark Cycle 10.566ms
[2022-12-03T00:42:17.381+0600][1.351s] GC(3) Pause Young (Normal) (G1 Evacuation Pause)
[2022-12-03T00:42:17.381+0600][1.351s] GC(3) Using 8 workers of 8 for evacuation
[2022-12-03T00:42:17.387+0600][1.358s] GC(3)   Pre Evacuate Collection Set: 0.1ms
[2022-12-03T00:42:17.387+0600][1.358s] GC(3)   Merge Heap Roots: 0.0ms
[2022-12-03T00:42:17.387+0600][1.358s] GC(3)   Evacuate Collection Set: 5.3ms
[2022-12-03T00:42:17.387+0600][1.358s] GC(3)   Post Evacuate Collection Set: 0.7ms
[2022-12-03T00:42:17.387+0600][1.358s] GC(3)   Other: 0.1ms
[2022-12-03T00:42:17.387+0600][1.358s] GC(3) Eden regions: 59->0(182)
[2022-12-03T00:42:17.387+0600][1.358s] GC(3) Survivor regions: 6->7(9)
[2022-12-03T00:42:17.387+0600][1.358s] GC(3) Old regions: 6->12
[2022-12-03T00:42:17.387+0600][1.358s] GC(3) Archive regions: 0->0
[2022-12-03T00:42:17.387+0600][1.358s] GC(3) Humongous regions: 4->4
[2022-12-03T00:42:17.387+0600][1.358s] GC(3) Metaspace: 27006K(27456K)->27006K(27456K) NonClass: 24270K(24512K)->24270K(24512K) Class: 2736K(2944K)->2736K(2944K)
[2022-12-03T00:42:17.387+0600][1.358s] GC(3) Pause Young (Normal) (G1 Evacuation Pause) 74M->22M(512M) 6.465ms
[2022-12-03T00:42:17.387+0600][1.358s] GC(3) User=0.04s Sys=0.00s Real=0.01s
[2022-12-03T00:42:18.171+0600][2.142s] GC(4) Pause Young (Concurrent Start) (Metadata GC Threshold)
[2022-12-03T00:42:18.171+0600][2.142s] GC(4) Using 8 workers of 8 for evacuation
[2022-12-03T00:42:18.175+0600][2.145s] GC(4)   Pre Evacuate Collection Set: 0.2ms
[2022-12-03T00:42:18.175+0600][2.145s] GC(4)   Merge Heap Roots: 0.1ms
[2022-12-03T00:42:18.175+0600][2.146s] GC(4)   Evacuate Collection Set: 2.5ms
[2022-12-03T00:42:18.175+0600][2.146s] GC(4)   Post Evacuate Collection Set: 0.7ms
[2022-12-03T00:42:18.175+0600][2.146s] GC(4)   Other: 0.1ms
[2022-12-03T00:42:18.175+0600][2.146s] GC(4) Eden regions: 82->0(299)
[2022-12-03T00:42:18.175+0600][2.146s] GC(4) Survivor regions: 7->8(24)
[2022-12-03T00:42:18.175+0600][2.146s] GC(4) Old regions: 12->12
[2022-12-03T00:42:18.175+0600][2.146s] GC(4) Archive regions: 0->0
[2022-12-03T00:42:18.175+0600][2.146s] GC(4) Humongous regions: 4->4
[2022-12-03T00:42:18.175+0600][2.146s] GC(4) Metaspace: 35636K(36096K)->35636K(36096K) NonClass: 31983K(32192K)->31983K(32192K) Class: 3653K(3904K)->3653K(3904K)
[2022-12-03T00:42:18.175+0600][2.146s] GC(4) Pause Young (Concurrent Start) (Metadata GC Threshold) 104M->23M(512M) 3.867ms
[2022-12-03T00:42:18.175+0600][2.146s] GC(4) User=0.02s Sys=0.00s Real=0.00s
[2022-12-03T00:42:18.175+0600][2.146s] GC(5) Concurrent Mark Cycle
[2022-12-03T00:42:18.175+0600][2.146s] GC(5) Concurrent Clear Claimed Marks
[2022-12-03T00:42:18.175+0600][2.146s] GC(5) Concurrent Clear Claimed Marks 0.035ms
[2022-12-03T00:42:18.175+0600][2.146s] GC(5) Concurrent Scan Root Regions
[2022-12-03T00:42:18.177+0600][2.148s] GC(5) Concurrent Scan Root Regions 1.887ms
[2022-12-03T00:42:18.177+0600][2.148s] GC(5) Concurrent Mark
[2022-12-03T00:42:18.177+0600][2.148s] GC(5) Concurrent Mark From Roots
[2022-12-03T00:42:18.177+0600][2.148s] GC(5) Using 2 workers of 2 for marking
[2022-12-03T00:42:18.188+0600][2.159s] GC(5) Concurrent Mark From Roots 11.176ms
[2022-12-03T00:42:18.188+0600][2.159s] GC(5) Concurrent Preclean
[2022-12-03T00:42:18.188+0600][2.159s] GC(5) Concurrent Preclean 0.065ms
[2022-12-03T00:42:18.189+0600][2.159s] GC(5) Pause Remark
[2022-12-03T00:42:18.190+0600][2.161s] GC(5) Pause Remark 26M->26M(512M) 1.411ms
[2022-12-03T00:42:18.190+0600][2.161s] GC(5) User=0.01s Sys=0.00s Real=0.00s
[2022-12-03T00:42:18.190+0600][2.161s] GC(5) Concurrent Mark 12.921ms
[2022-12-03T00:42:18.190+0600][2.161s] GC(5) Concurrent Rebuild Remembered Sets
[2022-12-03T00:42:18.196+0600][2.167s] GC(5) Concurrent Rebuild Remembered Sets 5.874ms
[2022-12-03T00:42:18.196+0600][2.167s] GC(5) Pause Cleanup
[2022-12-03T00:42:18.196+0600][2.167s] GC(5) Pause Cleanup 27M->27M(512M) 0.103ms
[2022-12-03T00:42:18.196+0600][2.167s] GC(5) User=0.00s Sys=0.00s Real=0.00s
[2022-12-03T00:42:18.196+0600][2.167s] GC(5) Concurrent Cleanup for Next Mark
[2022-12-03T00:42:18.197+0600][2.167s] GC(5) Concurrent Cleanup for Next Mark 0.491ms
[2022-12-03T00:42:18.197+0600][2.167s] GC(5) Concurrent Mark Cycle 21.636ms
[2022-12-03T01:00:22.882+0600][1086.853s] GC(6) Pause Young (Prepare Mixed) (Metadata GC Threshold)
[2022-12-03T01:00:22.882+0600][1086.853s] GC(6) Using 8 workers of 8 for evacuation
[2022-12-03T01:00:22.895+0600][1086.866s] GC(6)   Pre Evacuate Collection Set: 0.1ms
[2022-12-03T01:00:22.895+0600][1086.866s] GC(6)   Merge Heap Roots: 0.1ms
[2022-12-03T01:00:22.895+0600][1086.866s] GC(6)   Evacuate Collection Set: 11.3ms
[2022-12-03T01:00:22.895+0600][1086.866s] GC(6)   Post Evacuate Collection Set: 1.3ms
[2022-12-03T01:00:22.895+0600][1086.866s] GC(6)   Other: 0.1ms
[2022-12-03T01:00:22.895+0600][1086.866s] GC(6) Eden regions: 289->0(1)
[2022-12-03T01:00:22.895+0600][1086.866s] GC(6) Survivor regions: 8->26(39)
[2022-12-03T01:00:22.895+0600][1086.866s] GC(6) Old regions: 12->12
[2022-12-03T01:00:22.895+0600][1086.866s] GC(6) Archive regions: 0->0
[2022-12-03T01:00:22.895+0600][1086.866s] GC(6) Humongous regions: 8->7
[2022-12-03T01:00:22.895+0600][1086.866s] GC(6) Metaspace: 60026K(60608K)->60026K(60608K) NonClass: 53344K(53632K)->53344K(53632K) Class: 6681K(6976K)->6681K(6976K)
[2022-12-03T01:00:22.895+0600][1086.866s] GC(6) Pause Young (Prepare Mixed) (Metadata GC Threshold) 316M->44M(512M) 13.087ms
[2022-12-03T01:00:22.895+0600][1086.866s] GC(6) User=0.09s Sys=0.00s Real=0.01s
[2022-12-03T01:00:22.899+0600][1086.869s] GC(7) Pause Young (Mixed) (G1 Evacuation Pause)
[2022-12-03T01:00:22.899+0600][1086.869s] GC(7) Using 8 workers of 8 for evacuation
[2022-12-03T01:00:22.910+0600][1086.881s] GC(7)   Pre Evacuate Collection Set: 0.1ms
[2022-12-03T01:00:22.910+0600][1086.881s] GC(7)   Merge Heap Roots: 0.0ms
[2022-12-03T01:00:22.910+0600][1086.881s] GC(7)   Evacuate Collection Set: 10.7ms
[2022-12-03T01:00:22.910+0600][1086.881s] GC(7)   Post Evacuate Collection Set: 0.7ms
[2022-12-03T01:00:22.910+0600][1086.881s] GC(7)   Other: 0.0ms
[2022-12-03T01:00:22.910+0600][1086.881s] GC(7) Eden regions: 1->0(306)
[2022-12-03T01:00:22.910+0600][1086.881s] GC(7) Survivor regions: 26->1(4)
[2022-12-03T01:00:22.910+0600][1086.881s] GC(7) Old regions: 12->37
[2022-12-03T01:00:22.910+0600][1086.881s] GC(7) Archive regions: 0->0
[2022-12-03T01:00:22.910+0600][1086.881s] GC(7) Humongous regions: 7->7
[2022-12-03T01:00:22.910+0600][1086.881s] GC(7) Metaspace: 60034K(60672K)->60034K(60672K) NonClass: 53352K(53696K)->53352K(53696K) Class: 6682K(6976K)->6682K(6976K)
[2022-12-03T01:00:22.910+0600][1086.881s] GC(7) Pause Young (Mixed) (G1 Evacuation Pause) 45M->44M(512M) 11.724ms
[2022-12-03T01:00:22.910+0600][1086.881s] GC(7) User=0.08s Sys=0.00s Real=0.01s
[2022-12-03T01:00:23.212+0600][1087.183s] GC(8) Pause Young (Concurrent Start) (Metadata GC Threshold)
[2022-12-03T01:00:23.212+0600][1087.183s] GC(8) Using 8 workers of 8 for evacuation
[2022-12-03T01:00:23.214+0600][1087.184s] GC(8)   Pre Evacuate Collection Set: 0.2ms
[2022-12-03T01:00:23.214+0600][1087.184s] GC(8)   Merge Heap Roots: 0.0ms
[2022-12-03T01:00:23.214+0600][1087.184s] GC(8)   Evacuate Collection Set: 1.1ms
[2022-12-03T01:00:23.214+0600][1087.185s] GC(8)   Post Evacuate Collection Set: 0.3ms
[2022-12-03T01:00:23.214+0600][1087.185s] GC(8)   Other: 0.1ms
[2022-12-03T01:00:23.214+0600][1087.185s] GC(8) Eden regions: 14->0(305)
[2022-12-03T01:00:23.214+0600][1087.185s] GC(8) Survivor regions: 1->2(39)
[2022-12-03T01:00:23.214+0600][1087.185s] GC(8) Old regions: 37->37
[2022-12-03T01:00:23.214+0600][1087.185s] GC(8) Archive regions: 0->0
[2022-12-03T01:00:23.214+0600][1087.185s] GC(8) Humongous regions: 7->7
[2022-12-03T01:00:23.214+0600][1087.185s] GC(8) Metaspace: 60359K(60928K)->60359K(60928K) NonClass: 53664K(53952K)->53664K(53952K) Class: 6694K(6976K)->6694K(6976K)
[2022-12-03T01:00:23.214+0600][1087.185s] GC(8) Pause Young (Concurrent Start) (Metadata GC Threshold) 57M->45M(512M) 1.988ms
[2022-12-03T01:00:23.214+0600][1087.185s] GC(8) User=0.01s Sys=0.00s Real=0.00s
[2022-12-03T01:00:23.214+0600][1087.185s] GC(9) Concurrent Mark Cycle
[2022-12-03T01:00:23.214+0600][1087.185s] GC(9) Concurrent Clear Claimed Marks
[2022-12-03T01:00:23.214+0600][1087.185s] GC(9) Concurrent Clear Claimed Marks 0.054ms
[2022-12-03T01:00:23.214+0600][1087.185s] GC(9) Concurrent Scan Root Regions
[2022-12-03T01:00:23.215+0600][1087.185s] GC(9) Concurrent Scan Root Regions 0.718ms
[2022-12-03T01:00:23.215+0600][1087.185s] GC(9) Concurrent Mark
[2022-12-03T01:00:23.215+0600][1087.185s] GC(9) Concurrent Mark From Roots
[2022-12-03T01:00:23.215+0600][1087.185s] GC(9) Using 2 workers of 2 for marking
[2022-12-03T01:00:23.259+0600][1087.229s] GC(9) Concurrent Mark From Roots 43.716ms
[2022-12-03T01:00:23.259+0600][1087.229s] GC(9) Concurrent Preclean
[2022-12-03T01:00:23.260+0600][1087.230s] GC(9) Concurrent Preclean 0.761ms
[2022-12-03T01:00:23.260+0600][1087.230s] GC(9) Pause Remark
[2022-12-03T01:00:23.266+0600][1087.237s] GC(9) Pause Remark 49M->49M(512M) 6.438ms
[2022-12-03T01:00:23.266+0600][1087.237s] GC(9) User=0.04s Sys=0.00s Real=0.01s
[2022-12-03T01:00:23.266+0600][1087.237s] GC(9) Concurrent Mark 51.380ms
[2022-12-03T01:00:23.266+0600][1087.237s] GC(9) Concurrent Rebuild Remembered Sets
[2022-12-03T01:00:23.299+0600][1087.269s] GC(9) Concurrent Rebuild Remembered Sets 32.605ms
[2022-12-03T01:00:23.299+0600][1087.270s] GC(9) Pause Cleanup
[2022-12-03T01:00:23.299+0600][1087.270s] GC(9) Pause Cleanup 50M->50M(512M) 0.118ms
[2022-12-03T01:00:23.299+0600][1087.270s] GC(9) User=0.00s Sys=0.00s Real=0.00s
[2022-12-03T01:00:23.299+0600][1087.270s] GC(9) Concurrent Cleanup for Next Mark
[2022-12-03T01:00:23.300+0600][1087.271s] GC(9) Concurrent Cleanup for Next Mark 0.811ms
[2022-12-03T01:00:23.300+0600][1087.271s] GC(9) Concurrent Mark Cycle 86.173ms
[2022-12-03T01:18:28.753+0600][2172.724s] Heap
[2022-12-03T01:18:28.753+0600][2172.724s]  garbage-first heap   total 524288K, used 102294K [0x00000000e0000000, 0x0000000100000000)
[2022-12-03T01:18:28.753+0600][2172.724s]   region size 1024K, 57 young (58368K), 2 survivors (2048K)
[2022-12-03T01:18:28.753+0600][2172.724s]  Metaspace       used 61220K, committed 61760K, reserved 1114112K
[2022-12-03T01:18:28.753+0600][2172.724s]   class space    used 6693K, committed 6976K, reserved 1048576K
