[2022-11-27T21:44:14.851+0600][0.007s] CardTable entry size: 512
[2022-11-27T21:44:14.852+0600][0.007s] Using G1
[2022-11-27T21:44:14.951+0600][0.106s] Version: 19.0.1+10 (release)
[2022-11-27T21:44:14.951+0600][0.106s] CPUs: 8 total, 8 available
[2022-11-27T21:44:14.951+0600][0.106s] Memory: 11856M
[2022-11-27T21:44:14.951+0600][0.106s] Large Page Support: Disabled
[2022-11-27T21:44:14.951+0600][0.106s] NUMA Support: Disabled
[2022-11-27T21:44:14.951+0600][0.106s] Compressed Oops: Enabled (32-bit)
[2022-11-27T21:44:14.951+0600][0.106s] Heap Region Size: 1M
[2022-11-27T21:44:14.951+0600][0.106s] Heap Min Capacity: 512M
[2022-11-27T21:44:14.951+0600][0.106s] Heap Initial Capacity: 512M
[2022-11-27T21:44:14.951+0600][0.106s] Heap Max Capacity: 512M
[2022-11-27T21:44:14.951+0600][0.106s] Pre-touch: Enabled
[2022-11-27T21:44:14.951+0600][0.106s] Parallel Workers: 8
[2022-11-27T21:44:14.951+0600][0.106s] Concurrent Workers: 2
[2022-11-27T21:44:14.951+0600][0.106s] Concurrent Refinement Workers: 8
[2022-11-27T21:44:14.951+0600][0.106s] Periodic GC: Disabled
[2022-11-27T21:44:14.951+0600][0.106s] CDS archive(s) not mapped
[2022-11-27T21:44:14.951+0600][0.106s] Compressed class space mapped at: 0x0000000100000000-0x0000000140000000, reserved size: 1073741824
[2022-11-27T21:44:14.951+0600][0.106s] Narrow klass base: 0x0000000000000000, Narrow klass shift: 3, Narrow klass range: 0x140000000
[2022-11-27T21:44:16.120+0600][1.275s] GC(0) Pause Young (Normal) (G1 Evacuation Pause)
[2022-11-27T21:44:16.120+0600][1.275s] GC(0) Using 8 workers of 8 for evacuation
[2022-11-27T21:44:16.126+0600][1.281s] GC(0)   Pre Evacuate Collection Set: 0.1ms
[2022-11-27T21:44:16.126+0600][1.281s] GC(0)   Merge Heap Roots: 0.1ms
[2022-11-27T21:44:16.126+0600][1.281s] GC(0)   Evacuate Collection Set: 4.8ms
[2022-11-27T21:44:16.126+0600][1.281s] GC(0)   Post Evacuate Collection Set: 0.8ms
[2022-11-27T21:44:16.126+0600][1.281s] GC(0)   Other: 0.1ms
[2022-11-27T21:44:16.126+0600][1.281s] GC(0) Eden regions: 29->0(40)
[2022-11-27T21:44:16.126+0600][1.281s] GC(0) Survivor regions: 0->4(4)
[2022-11-27T21:44:16.126+0600][1.281s] GC(0) Old regions: 0->1
[2022-11-27T21:44:16.126+0600][1.281s] GC(0) Archive regions: 0->0
[2022-11-27T21:44:16.126+0600][1.281s] GC(0) Humongous regions: 0->0
[2022-11-27T21:44:16.126+0600][1.281s] GC(0) Metaspace: 18710K(18944K)->18710K(18944K) NonClass: 16882K(16960K)->16882K(16960K) Class: 1828K(1984K)->1828K(1984K)
[2022-11-27T21:44:16.126+0600][1.281s] GC(0) Pause Young (Normal) (G1 Evacuation Pause) 29M->4M(512M) 6.140ms
[2022-11-27T21:44:16.126+0600][1.281s] GC(0) User=0.03s Sys=0.00s Real=0.01s
[2022-11-27T21:44:16.370+0600][1.525s] GC(1) Pause Young (Concurrent Start) (Metadata GC Threshold)
[2022-11-27T21:44:16.370+0600][1.525s] GC(1) Using 8 workers of 8 for evacuation
[2022-11-27T21:44:16.380+0600][1.535s] GC(1)   Pre Evacuate Collection Set: 0.3ms
[2022-11-27T21:44:16.380+0600][1.535s] GC(1)   Merge Heap Roots: 0.1ms
[2022-11-27T21:44:16.380+0600][1.535s] GC(1)   Evacuate Collection Set: 9.0ms
[2022-11-27T21:44:16.380+0600][1.535s] GC(1)   Post Evacuate Collection Set: 0.6ms
[2022-11-27T21:44:16.380+0600][1.535s] GC(1)   Other: 0.1ms
[2022-11-27T21:44:16.380+0600][1.535s] GC(1) Eden regions: 12->0(57)
[2022-11-27T21:44:16.380+0600][1.535s] GC(1) Survivor regions: 4->6(6)
[2022-11-27T21:44:16.380+0600][1.535s] GC(1) Old regions: 1->6
[2022-11-27T21:44:16.380+0600][1.535s] GC(1) Archive regions: 0->0
[2022-11-27T21:44:16.380+0600][1.535s] GC(1) Humongous regions: 4->4
[2022-11-27T21:44:16.380+0600][1.535s] GC(1) Metaspace: 21189K(21504K)->21189K(21504K) NonClass: 19058K(19200K)->19058K(19200K) Class: 2131K(2304K)->2131K(2304K)
[2022-11-27T21:44:16.380+0600][1.536s] GC(1) Pause Young (Concurrent Start) (Metadata GC Threshold) 20M->15M(512M) 10.242ms
[2022-11-27T21:44:16.380+0600][1.536s] GC(1) User=0.06s Sys=0.00s Real=0.01s
[2022-11-27T21:44:16.380+0600][1.536s] GC(2) Concurrent Mark Cycle
[2022-11-27T21:44:16.380+0600][1.536s] GC(2) Concurrent Clear Claimed Marks
[2022-11-27T21:44:16.380+0600][1.536s] GC(2) Concurrent Clear Claimed Marks 0.032ms
[2022-11-27T21:44:16.380+0600][1.536s] GC(2) Concurrent Scan Root Regions
[2022-11-27T21:44:16.386+0600][1.541s] GC(2) Concurrent Scan Root Regions 5.657ms
[2022-11-27T21:44:16.386+0600][1.541s] GC(2) Concurrent Mark
[2022-11-27T21:44:16.386+0600][1.541s] GC(2) Concurrent Mark From Roots
[2022-11-27T21:44:16.386+0600][1.541s] GC(2) Using 2 workers of 2 for marking
[2022-11-27T21:44:16.388+0600][1.543s] GC(2) Concurrent Mark From Roots 1.719ms
[2022-11-27T21:44:16.388+0600][1.543s] GC(2) Concurrent Preclean
[2022-11-27T21:44:16.388+0600][1.543s] GC(2) Concurrent Preclean 0.015ms
[2022-11-27T21:44:16.388+0600][1.544s] GC(2) Pause Remark
[2022-11-27T21:44:16.389+0600][1.545s] GC(2) Pause Remark 16M->16M(512M) 1.117ms
[2022-11-27T21:44:16.389+0600][1.545s] GC(2) User=0.00s Sys=0.00s Real=0.00s
[2022-11-27T21:44:16.389+0600][1.545s] GC(2) Concurrent Mark 3.417ms
[2022-11-27T21:44:16.390+0600][1.545s] GC(2) Concurrent Rebuild Remembered Sets
[2022-11-27T21:44:16.396+0600][1.551s] GC(2) Concurrent Rebuild Remembered Sets 6.490ms
[2022-11-27T21:44:16.396+0600][1.551s] GC(2) Pause Cleanup
[2022-11-27T21:44:16.396+0600][1.552s] GC(2) Pause Cleanup 17M->17M(512M) 0.172ms
[2022-11-27T21:44:16.396+0600][1.552s] GC(2) User=0.00s Sys=0.00s Real=0.00s
[2022-11-27T21:44:16.396+0600][1.552s] GC(2) Concurrent Cleanup for Next Mark
[2022-11-27T21:44:16.397+0600][1.552s] GC(2) Concurrent Cleanup for Next Mark 0.769ms
[2022-11-27T21:44:16.397+0600][1.553s] GC(2) Concurrent Mark Cycle 16.977ms
[2022-11-27T21:44:17.215+0600][2.370s] GC(3) Pause Young (Normal) (G1 Evacuation Pause)
[2022-11-27T21:44:17.215+0600][2.370s] GC(3) Using 8 workers of 8 for evacuation
[2022-11-27T21:44:17.224+0600][2.380s] GC(3)   Pre Evacuate Collection Set: 0.1ms
[2022-11-27T21:44:17.224+0600][2.380s] GC(3)   Merge Heap Roots: 0.1ms
[2022-11-27T21:44:17.224+0600][2.380s] GC(3)   Evacuate Collection Set: 8.3ms
[2022-11-27T21:44:17.224+0600][2.380s] GC(3)   Post Evacuate Collection Set: 1.0ms
[2022-11-27T21:44:17.225+0600][2.380s] GC(3)   Other: 0.1ms
[2022-11-27T21:44:17.225+0600][2.380s] GC(3) Eden regions: 57->0(157)
[2022-11-27T21:44:17.225+0600][2.380s] GC(3) Survivor regions: 6->7(8)
[2022-11-27T21:44:17.225+0600][2.380s] GC(3) Old regions: 6->12
[2022-11-27T21:44:17.225+0600][2.380s] GC(3) Archive regions: 0->0
[2022-11-27T21:44:17.225+0600][2.380s] GC(3) Humongous regions: 4->4
[2022-11-27T21:44:17.225+0600][2.380s] GC(3) Metaspace: 26970K(27328K)->26970K(27328K) NonClass: 24234K(24384K)->24234K(24384K) Class: 2735K(2944K)->2735K(2944K)
[2022-11-27T21:44:17.225+0600][2.380s] GC(3) Pause Young (Normal) (G1 Evacuation Pause) 72M->22M(512M) 9.903ms
[2022-11-27T21:44:17.225+0600][2.380s] GC(3) User=0.05s Sys=0.00s Real=0.01s
[2022-11-27T21:44:18.595+0600][3.751s] GC(4) Pause Young (Concurrent Start) (Metadata GC Threshold)
[2022-11-27T21:44:18.595+0600][3.751s] GC(4) Using 8 workers of 8 for evacuation
[2022-11-27T21:44:18.601+0600][3.756s] GC(4)   Pre Evacuate Collection Set: 0.2ms
[2022-11-27T21:44:18.601+0600][3.756s] GC(4)   Merge Heap Roots: 0.1ms
[2022-11-27T21:44:18.601+0600][3.756s] GC(4)   Evacuate Collection Set: 3.7ms
[2022-11-27T21:44:18.601+0600][3.756s] GC(4)   Post Evacuate Collection Set: 1.1ms
[2022-11-27T21:44:18.601+0600][3.756s] GC(4)   Other: 0.1ms
[2022-11-27T21:44:18.601+0600][3.756s] GC(4) Eden regions: 86->0(299)
[2022-11-27T21:44:18.601+0600][3.756s] GC(4) Survivor regions: 7->8(21)
[2022-11-27T21:44:18.601+0600][3.756s] GC(4) Old regions: 12->12
[2022-11-27T21:44:18.601+0600][3.756s] GC(4) Archive regions: 0->0
[2022-11-27T21:44:18.601+0600][3.756s] GC(4) Humongous regions: 4->4
[2022-11-27T21:44:18.601+0600][3.756s] GC(4) Metaspace: 35752K(36160K)->35752K(36160K) NonClass: 32078K(32256K)->32078K(32256K) Class: 3674K(3904K)->3674K(3904K)
[2022-11-27T21:44:18.601+0600][3.756s] GC(4) Pause Young (Concurrent Start) (Metadata GC Threshold) 107M->23M(512M) 5.656ms
[2022-11-27T21:44:18.601+0600][3.756s] GC(4) User=0.02s Sys=0.00s Real=0.00s
[2022-11-27T21:44:18.601+0600][3.756s] GC(5) Concurrent Mark Cycle
[2022-11-27T21:44:18.601+0600][3.756s] GC(5) Concurrent Clear Claimed Marks
[2022-11-27T21:44:18.601+0600][3.756s] GC(5) Concurrent Clear Claimed Marks 0.067ms
[2022-11-27T21:44:18.601+0600][3.756s] GC(5) Concurrent Scan Root Regions
[2022-11-27T21:44:18.604+0600][3.759s] GC(5) Concurrent Scan Root Regions 3.129ms
[2022-11-27T21:44:18.604+0600][3.760s] GC(5) Concurrent Mark
[2022-11-27T21:44:18.604+0600][3.760s] GC(5) Concurrent Mark From Roots
[2022-11-27T21:44:18.604+0600][3.760s] GC(5) Using 2 workers of 2 for marking
[2022-11-27T21:44:18.625+0600][3.780s] GC(5) Concurrent Mark From Roots 20.509ms
[2022-11-27T21:44:18.625+0600][3.780s] GC(5) Concurrent Preclean
[2022-11-27T21:44:18.625+0600][3.780s] GC(5) Concurrent Preclean 0.046ms
[2022-11-27T21:44:18.625+0600][3.780s] GC(5) Pause Remark
[2022-11-27T21:44:18.628+0600][3.783s] GC(5) Pause Remark 26M->26M(512M) 2.617ms
[2022-11-27T21:44:18.628+0600][3.783s] GC(5) User=0.01s Sys=0.00s Real=0.00s
[2022-11-27T21:44:18.628+0600][3.783s] GC(5) Concurrent Mark 23.476ms
[2022-11-27T21:44:18.628+0600][3.783s] GC(5) Concurrent Rebuild Remembered Sets
[2022-11-27T21:44:18.638+0600][3.794s] GC(5) Concurrent Rebuild Remembered Sets 10.680ms
[2022-11-27T21:44:18.639+0600][3.794s] GC(5) Pause Cleanup
[2022-11-27T21:44:18.639+0600][3.794s] GC(5) Pause Cleanup 27M->27M(512M) 0.155ms
[2022-11-27T21:44:18.639+0600][3.794s] GC(5) User=0.00s Sys=0.00s Real=0.00s
[2022-11-27T21:44:18.639+0600][3.794s] GC(5) Concurrent Cleanup for Next Mark
[2022-11-27T21:44:18.640+0600][3.796s] GC(5) Concurrent Cleanup for Next Mark 1.535ms
[2022-11-27T21:44:18.640+0600][3.796s] GC(5) Concurrent Mark Cycle 39.487ms
[2022-11-27T21:47:04.855+0600][170.010s] Heap
[2022-11-27T21:47:04.855+0600][170.010s]  garbage-first heap   total 524288K, used 283962K [0x00000000e0000000, 0x0000000100000000)
[2022-11-27T21:47:04.855+0600][170.010s]   region size 1024K, 258 young (264192K), 8 survivors (8192K)
[2022-11-27T21:47:04.855+0600][170.010s]  Metaspace       used 57475K, committed 58048K, reserved 1114112K
[2022-11-27T21:47:04.855+0600][170.010s]   class space    used 6385K, committed 6656K, reserved 1048576K
