[2022-12-02T22:59:59.303+0600][0.006s] CardTable entry size: 512
[2022-12-02T22:59:59.303+0600][0.007s] Using G1
[2022-12-02T22:59:59.484+0600][0.188s] Version: 19.0.1+10 (release)
[2022-12-02T22:59:59.484+0600][0.188s] CPUs: 8 total, 8 available
[2022-12-02T22:59:59.484+0600][0.188s] Memory: 11856M
[2022-12-02T22:59:59.484+0600][0.188s] Large Page Support: Disabled
[2022-12-02T22:59:59.484+0600][0.188s] NUMA Support: Disabled
[2022-12-02T22:59:59.484+0600][0.188s] Compressed Oops: Enabled (32-bit)
[2022-12-02T22:59:59.484+0600][0.188s] Heap Region Size: 1M
[2022-12-02T22:59:59.484+0600][0.188s] Heap Min Capacity: 512M
[2022-12-02T22:59:59.484+0600][0.188s] Heap Initial Capacity: 512M
[2022-12-02T22:59:59.484+0600][0.188s] Heap Max Capacity: 512M
[2022-12-02T22:59:59.484+0600][0.188s] Pre-touch: Enabled
[2022-12-02T22:59:59.484+0600][0.188s] Parallel Workers: 8
[2022-12-02T22:59:59.484+0600][0.188s] Concurrent Workers: 2
[2022-12-02T22:59:59.484+0600][0.188s] Concurrent Refinement Workers: 8
[2022-12-02T22:59:59.484+0600][0.188s] Periodic GC: Disabled
[2022-12-02T22:59:59.484+0600][0.188s] CDS archive(s) not mapped
[2022-12-02T22:59:59.484+0600][0.188s] Compressed class space mapped at: 0x0000000100000000-0x0000000140000000, reserved size: 1073741824
[2022-12-02T22:59:59.484+0600][0.188s] Narrow klass base: 0x0000000000000000, Narrow klass shift: 3, Narrow klass range: 0x140000000
[2022-12-02T23:00:01.453+0600][2.157s] GC(0) Pause Young (Normal) (G1 Evacuation Pause)
[2022-12-02T23:00:01.453+0600][2.157s] GC(0) Using 8 workers of 8 for evacuation
[2022-12-02T23:00:01.458+0600][2.162s] GC(0)   Pre Evacuate Collection Set: 0.1ms
[2022-12-02T23:00:01.458+0600][2.162s] GC(0)   Merge Heap Roots: 0.1ms
[2022-12-02T23:00:01.458+0600][2.162s] GC(0)   Evacuate Collection Set: 4.0ms
[2022-12-02T23:00:01.458+0600][2.162s] GC(0)   Post Evacuate Collection Set: 0.7ms
[2022-12-02T23:00:01.458+0600][2.162s] GC(0)   Other: 0.2ms
[2022-12-02T23:00:01.458+0600][2.162s] GC(0) Eden regions: 29->0(40)
[2022-12-02T23:00:01.458+0600][2.162s] GC(0) Survivor regions: 0->4(4)
[2022-12-02T23:00:01.458+0600][2.162s] GC(0) Old regions: 0->1
[2022-12-02T23:00:01.458+0600][2.162s] GC(0) Archive regions: 0->0
[2022-12-02T23:00:01.458+0600][2.162s] GC(0) Humongous regions: 0->0
[2022-12-02T23:00:01.458+0600][2.162s] GC(0) Metaspace: 18716K(19008K)->18716K(19008K) NonClass: 16888K(17024K)->16888K(17024K) Class: 1828K(1984K)->1828K(1984K)
[2022-12-02T23:00:01.458+0600][2.162s] GC(0) Pause Young (Normal) (G1 Evacuation Pause) 29M->4M(512M) 5.298ms
[2022-12-02T23:00:01.458+0600][2.162s] GC(0) User=0.02s Sys=0.00s Real=0.01s
[2022-12-02T23:00:01.773+0600][2.477s] GC(1) Pause Young (Concurrent Start) (Metadata GC Threshold)
[2022-12-02T23:00:01.773+0600][2.477s] GC(1) Using 8 workers of 8 for evacuation
[2022-12-02T23:00:01.784+0600][2.487s] GC(1)   Pre Evacuate Collection Set: 0.2ms
[2022-12-02T23:00:01.784+0600][2.487s] GC(1)   Merge Heap Roots: 0.0ms
[2022-12-02T23:00:01.784+0600][2.487s] GC(1)   Evacuate Collection Set: 7.7ms
[2022-12-02T23:00:01.784+0600][2.487s] GC(1)   Post Evacuate Collection Set: 2.2ms
[2022-12-02T23:00:01.784+0600][2.487s] GC(1)   Other: 0.1ms
[2022-12-02T23:00:01.784+0600][2.488s] GC(1) Eden regions: 13->0(58)
[2022-12-02T23:00:01.784+0600][2.488s] GC(1) Survivor regions: 4->6(6)
[2022-12-02T23:00:01.784+0600][2.488s] GC(1) Old regions: 1->6
[2022-12-02T23:00:01.784+0600][2.488s] GC(1) Archive regions: 0->0
[2022-12-02T23:00:01.784+0600][2.488s] GC(1) Humongous regions: 4->4
[2022-12-02T23:00:01.784+0600][2.488s] GC(1) Metaspace: 21186K(21504K)->21186K(21504K) NonClass: 19055K(19200K)->19055K(19200K) Class: 2131K(2304K)->2131K(2304K)
[2022-12-02T23:00:01.784+0600][2.488s] GC(1) Pause Young (Concurrent Start) (Metadata GC Threshold) 20M->15M(512M) 10.512ms
[2022-12-02T23:00:01.784+0600][2.488s] GC(1) User=0.04s Sys=0.01s Real=0.01s
[2022-12-02T23:00:01.784+0600][2.488s] GC(2) Concurrent Mark Cycle
[2022-12-02T23:00:01.784+0600][2.488s] GC(2) Concurrent Clear Claimed Marks
[2022-12-02T23:00:01.784+0600][2.488s] GC(2) Concurrent Clear Claimed Marks 0.123ms
[2022-12-02T23:00:01.784+0600][2.488s] GC(2) Concurrent Scan Root Regions
[2022-12-02T23:00:01.789+0600][2.493s] GC(2) Concurrent Scan Root Regions 5.045ms
[2022-12-02T23:00:01.789+0600][2.493s] GC(2) Concurrent Mark
[2022-12-02T23:00:01.789+0600][2.493s] GC(2) Concurrent Mark From Roots
[2022-12-02T23:00:01.789+0600][2.493s] GC(2) Using 2 workers of 2 for marking
[2022-12-02T23:00:01.791+0600][2.495s] GC(2) Concurrent Mark From Roots 1.836ms
[2022-12-02T23:00:01.791+0600][2.495s] GC(2) Concurrent Preclean
[2022-12-02T23:00:01.791+0600][2.495s] GC(2) Concurrent Preclean 0.009ms
[2022-12-02T23:00:01.793+0600][2.497s] GC(2) Pause Remark
[2022-12-02T23:00:01.795+0600][2.499s] GC(2) Pause Remark 16M->16M(512M) 1.936ms
[2022-12-02T23:00:01.795+0600][2.499s] GC(2) User=0.00s Sys=0.01s Real=0.00s
[2022-12-02T23:00:01.795+0600][2.499s] GC(2) Concurrent Mark 6.189ms
[2022-12-02T23:00:01.795+0600][2.499s] GC(2) Concurrent Rebuild Remembered Sets
[2022-12-02T23:00:01.799+0600][2.503s] GC(2) Concurrent Rebuild Remembered Sets 3.877ms
[2022-12-02T23:00:01.799+0600][2.503s] GC(2) Pause Cleanup
[2022-12-02T23:00:01.800+0600][2.503s] GC(2) Pause Cleanup 16M->16M(512M) 0.107ms
[2022-12-02T23:00:01.800+0600][2.503s] GC(2) User=0.00s Sys=0.00s Real=0.00s
[2022-12-02T23:00:01.800+0600][2.503s] GC(2) Concurrent Cleanup for Next Mark
[2022-12-02T23:00:01.800+0600][2.504s] GC(2) Concurrent Cleanup for Next Mark 0.824ms
[2022-12-02T23:00:01.800+0600][2.504s] GC(2) Concurrent Mark Cycle 16.583ms
[2022-12-02T23:00:03.230+0600][3.933s] GC(3) Pause Young (Normal) (G1 Evacuation Pause)
[2022-12-02T23:00:03.230+0600][3.933s] GC(3) Using 8 workers of 8 for evacuation
[2022-12-02T23:00:03.239+0600][3.943s] GC(3)   Pre Evacuate Collection Set: 0.2ms
[2022-12-02T23:00:03.239+0600][3.943s] GC(3)   Merge Heap Roots: 0.1ms
[2022-12-02T23:00:03.239+0600][3.943s] GC(3)   Evacuate Collection Set: 7.9ms
[2022-12-02T23:00:03.240+0600][3.943s] GC(3)   Post Evacuate Collection Set: 1.6ms
[2022-12-02T23:00:03.240+0600][3.943s] GC(3)   Other: 0.1ms
[2022-12-02T23:00:03.240+0600][3.943s] GC(3) Eden regions: 57->0(158)
[2022-12-02T23:00:03.240+0600][3.943s] GC(3) Survivor regions: 6->7(8)
[2022-12-02T23:00:03.240+0600][3.943s] GC(3) Old regions: 6->12
[2022-12-02T23:00:03.240+0600][3.943s] GC(3) Archive regions: 0->0
[2022-12-02T23:00:03.240+0600][3.943s] GC(3) Humongous regions: 4->4
[2022-12-02T23:00:03.240+0600][3.943s] GC(3) Metaspace: 26987K(27392K)->26987K(27392K) NonClass: 24251K(24448K)->24251K(24448K) Class: 2736K(2944K)->2736K(2944K)
[2022-12-02T23:00:03.240+0600][3.943s] GC(3) Pause Young (Normal) (G1 Evacuation Pause) 72M->22M(512M) 10.127ms
[2022-12-02T23:00:03.240+0600][3.943s] GC(3) User=0.06s Sys=0.00s Real=0.01s
[2022-12-02T23:00:04.856+0600][5.559s] GC(4) Pause Young (Concurrent Start) (Metadata GC Threshold)
[2022-12-02T23:00:04.856+0600][5.559s] GC(4) Using 8 workers of 8 for evacuation
[2022-12-02T23:00:04.862+0600][5.566s] GC(4)   Pre Evacuate Collection Set: 0.3ms
[2022-12-02T23:00:04.862+0600][5.566s] GC(4)   Merge Heap Roots: 0.1ms
[2022-12-02T23:00:04.862+0600][5.566s] GC(4)   Evacuate Collection Set: 4.5ms
[2022-12-02T23:00:04.862+0600][5.566s] GC(4)   Post Evacuate Collection Set: 1.2ms
[2022-12-02T23:00:04.862+0600][5.566s] GC(4)   Other: 0.1ms
[2022-12-02T23:00:04.862+0600][5.566s] GC(4) Eden regions: 87->0(299)
[2022-12-02T23:00:04.862+0600][5.566s] GC(4) Survivor regions: 7->8(21)
[2022-12-02T23:00:04.862+0600][5.566s] GC(4) Old regions: 12->12
[2022-12-02T23:00:04.862+0600][5.566s] GC(4) Archive regions: 0->0
[2022-12-02T23:00:04.862+0600][5.566s] GC(4) Humongous regions: 4->4
[2022-12-02T23:00:04.862+0600][5.566s] GC(4) Metaspace: 35560K(35968K)->35560K(35968K) NonClass: 31911K(32128K)->31911K(32128K) Class: 3649K(3840K)->3649K(3840K)
[2022-12-02T23:00:04.862+0600][5.566s] GC(4) Pause Young (Concurrent Start) (Metadata GC Threshold) 109M->23M(512M) 6.343ms
[2022-12-02T23:00:04.862+0600][5.566s] GC(4) User=0.04s Sys=0.00s Real=0.01s
[2022-12-02T23:00:04.862+0600][5.566s] GC(5) Concurrent Mark Cycle
[2022-12-02T23:00:04.862+0600][5.566s] GC(5) Concurrent Clear Claimed Marks
[2022-12-02T23:00:04.862+0600][5.566s] GC(5) Concurrent Clear Claimed Marks 0.037ms
[2022-12-02T23:00:04.862+0600][5.566s] GC(5) Concurrent Scan Root Regions
[2022-12-02T23:00:04.865+0600][5.569s] GC(5) Concurrent Scan Root Regions 3.261ms
[2022-12-02T23:00:04.865+0600][5.569s] GC(5) Concurrent Mark
[2022-12-02T23:00:04.865+0600][5.569s] GC(5) Concurrent Mark From Roots
[2022-12-02T23:00:04.865+0600][5.569s] GC(5) Using 2 workers of 2 for marking
[2022-12-02T23:00:04.886+0600][5.590s] GC(5) Concurrent Mark From Roots 20.891ms
[2022-12-02T23:00:04.886+0600][5.590s] GC(5) Concurrent Preclean
[2022-12-02T23:00:04.886+0600][5.590s] GC(5) Concurrent Preclean 0.056ms
[2022-12-02T23:00:04.887+0600][5.590s] GC(5) Pause Remark
[2022-12-02T23:00:04.888+0600][5.592s] GC(5) Pause Remark 25M->25M(512M) 1.842ms
[2022-12-02T23:00:04.888+0600][5.592s] GC(5) User=0.01s Sys=0.00s Real=0.01s
[2022-12-02T23:00:04.888+0600][5.592s] GC(5) Concurrent Mark 23.112ms
[2022-12-02T23:00:04.888+0600][5.592s] GC(5) Concurrent Rebuild Remembered Sets
[2022-12-02T23:00:04.895+0600][5.599s] GC(5) Concurrent Rebuild Remembered Sets 7.001ms
[2022-12-02T23:00:04.896+0600][5.599s] GC(5) Pause Cleanup
[2022-12-02T23:00:04.896+0600][5.600s] GC(5) Pause Cleanup 25M->25M(512M) 0.117ms
[2022-12-02T23:00:04.896+0600][5.600s] GC(5) User=0.00s Sys=0.00s Real=0.00s
[2022-12-02T23:00:04.896+0600][5.600s] GC(5) Concurrent Cleanup for Next Mark
[2022-12-02T23:00:04.896+0600][5.600s] GC(5) Concurrent Cleanup for Next Mark 0.512ms
[2022-12-02T23:00:04.897+0600][5.600s] GC(5) Concurrent Mark Cycle 34.555ms
[2022-12-02T23:06:52.059+0600][412.763s] GC(6) Pause Young (Prepare Mixed) (G1 Evacuation Pause)
[2022-12-02T23:06:52.060+0600][412.763s] GC(6) Using 8 workers of 8 for evacuation
[2022-12-02T23:06:52.083+0600][412.787s] GC(6)   Pre Evacuate Collection Set: 0.3ms
[2022-12-02T23:06:52.083+0600][412.787s] GC(6)   Merge Heap Roots: 0.2ms
[2022-12-02T23:06:52.083+0600][412.787s] GC(6)   Evacuate Collection Set: 17.7ms
[2022-12-02T23:06:52.083+0600][412.787s] GC(6)   Post Evacuate Collection Set: 5.1ms
[2022-12-02T23:06:52.083+0600][412.787s] GC(6)   Other: 0.4ms
[2022-12-02T23:06:52.083+0600][412.787s] GC(6) Eden regions: 299->0(1)
[2022-12-02T23:06:52.083+0600][412.787s] GC(6) Survivor regions: 8->28(39)
[2022-12-02T23:06:52.083+0600][412.787s] GC(6) Old regions: 12->12
[2022-12-02T23:06:52.084+0600][412.787s] GC(6) Archive regions: 0->0
[2022-12-02T23:06:52.084+0600][412.787s] GC(6) Humongous regions: 5->4
[2022-12-02T23:06:52.084+0600][412.787s] GC(6) Metaspace: 57550K(58112K)->57550K(58112K) NonClass: 51180K(51456K)->51180K(51456K) Class: 6369K(6656K)->6369K(6656K)
[2022-12-02T23:06:52.084+0600][412.787s] GC(6) Pause Young (Prepare Mixed) (G1 Evacuation Pause) 323M->43M(512M) 24.112ms
[2022-12-02T23:06:52.084+0600][412.787s] GC(6) User=0.11s Sys=0.00s Real=0.02s
[2022-12-02T23:06:52.087+0600][412.790s] GC(7) Pause Young (Mixed) (G1 Evacuation Pause)
[2022-12-02T23:06:52.087+0600][412.791s] GC(7) Using 8 workers of 8 for evacuation
[2022-12-02T23:06:52.105+0600][412.809s] GC(7)   Pre Evacuate Collection Set: 0.3ms
[2022-12-02T23:06:52.105+0600][412.809s] GC(7)   Merge Heap Roots: 0.1ms
[2022-12-02T23:06:52.105+0600][412.809s] GC(7)   Evacuate Collection Set: 16.4ms
[2022-12-02T23:06:52.105+0600][412.809s] GC(7)   Post Evacuate Collection Set: 1.3ms
[2022-12-02T23:06:52.105+0600][412.809s] GC(7)   Other: 0.2ms
[2022-12-02T23:06:52.106+0600][412.809s] GC(7) Eden regions: 1->0(305)
[2022-12-02T23:06:52.106+0600][412.809s] GC(7) Survivor regions: 28->2(4)
[2022-12-02T23:06:52.106+0600][412.809s] GC(7) Old regions: 12->39
[2022-12-02T23:06:52.106+0600][412.809s] GC(7) Archive regions: 0->0
[2022-12-02T23:06:52.106+0600][412.809s] GC(7) Humongous regions: 4->4
[2022-12-02T23:06:52.106+0600][412.809s] GC(7) Metaspace: 57550K(58112K)->57550K(58112K) NonClass: 51180K(51456K)->51180K(51456K) Class: 6369K(6656K)->6369K(6656K)
[2022-12-02T23:06:52.106+0600][412.809s] GC(7) Pause Young (Mixed) (G1 Evacuation Pause) 44M->44M(512M) 18.895ms
[2022-12-02T23:06:52.106+0600][412.809s] GC(7) User=0.09s Sys=0.00s Real=0.02s
[2022-12-02T23:44:26.150+0600][2666.853s] GC(8) Pause Young (Concurrent Start) (Metadata GC Threshold)
[2022-12-02T23:44:26.150+0600][2666.853s] GC(8) Using 8 workers of 8 for evacuation
[2022-12-02T23:44:26.151+0600][2666.855s] GC(8)   Pre Evacuate Collection Set: 0.2ms
[2022-12-02T23:44:26.151+0600][2666.855s] GC(8)   Merge Heap Roots: 0.0ms
[2022-12-02T23:44:26.151+0600][2666.855s] GC(8)   Evacuate Collection Set: 1.1ms
[2022-12-02T23:44:26.152+0600][2666.855s] GC(8)   Post Evacuate Collection Set: 0.4ms
[2022-12-02T23:44:26.152+0600][2666.855s] GC(8)   Other: 0.1ms
[2022-12-02T23:44:26.152+0600][2666.855s] GC(8) Eden regions: 42->0(305)
[2022-12-02T23:44:26.152+0600][2666.855s] GC(8) Survivor regions: 2->2(39)
[2022-12-02T23:44:26.152+0600][2666.855s] GC(8) Old regions: 39->39
[2022-12-02T23:44:26.152+0600][2666.855s] GC(8) Archive regions: 0->0
[2022-12-02T23:44:26.152+0600][2666.855s] GC(8) Humongous regions: 4->4
[2022-12-02T23:44:26.152+0600][2666.855s] GC(8) Metaspace: 59856K(60416K)->59856K(60416K) NonClass: 53221K(53504K)->53221K(53504K) Class: 6634K(6912K)->6634K(6912K)
[2022-12-02T23:44:26.152+0600][2666.855s] GC(8) Pause Young (Concurrent Start) (Metadata GC Threshold) 85M->44M(512M) 2.055ms
[2022-12-02T23:44:26.152+0600][2666.855s] GC(8) User=0.01s Sys=0.00s Real=0.00s
[2022-12-02T23:44:26.152+0600][2666.855s] GC(9) Concurrent Mark Cycle
[2022-12-02T23:44:26.152+0600][2666.856s] GC(9) Concurrent Clear Claimed Marks
[2022-12-02T23:44:26.152+0600][2666.856s] GC(9) Concurrent Clear Claimed Marks 0.059ms
[2022-12-02T23:44:26.152+0600][2666.856s] GC(9) Concurrent Scan Root Regions
[2022-12-02T23:44:26.154+0600][2666.857s] GC(9) Concurrent Scan Root Regions 1.836ms
[2022-12-02T23:44:26.154+0600][2666.857s] GC(9) Concurrent Mark
[2022-12-02T23:44:26.154+0600][2666.858s] GC(9) Concurrent Mark From Roots
[2022-12-02T23:44:26.154+0600][2666.858s] GC(9) Using 2 workers of 2 for marking
[2022-12-02T23:44:26.191+0600][2666.895s] GC(9) Concurrent Mark From Roots 37.697ms
[2022-12-02T23:44:26.191+0600][2666.895s] GC(9) Concurrent Preclean
[2022-12-02T23:44:26.192+0600][2666.896s] GC(9) Concurrent Preclean 0.255ms
[2022-12-02T23:44:26.192+0600][2666.896s] GC(9) Pause Remark
[2022-12-02T23:44:26.198+0600][2666.902s] GC(9) Pause Remark 50M->50M(512M) 6.044ms
[2022-12-02T23:44:26.198+0600][2666.902s] GC(9) User=0.03s Sys=0.00s Real=0.01s
[2022-12-02T23:44:26.198+0600][2666.902s] GC(9) Concurrent Mark 44.257ms
[2022-12-02T23:44:26.198+0600][2666.902s] GC(9) Concurrent Rebuild Remembered Sets
[2022-12-02T23:44:26.220+0600][2666.923s] GC(9) Concurrent Rebuild Remembered Sets 21.442ms
[2022-12-02T23:44:26.220+0600][2666.923s] GC(9) Pause Cleanup
[2022-12-02T23:44:26.220+0600][2666.924s] GC(9) Pause Cleanup 50M->50M(512M) 0.143ms
[2022-12-02T23:44:26.220+0600][2666.924s] GC(9) User=0.00s Sys=0.00s Real=0.00s
[2022-12-02T23:44:26.220+0600][2666.924s] GC(9) Concurrent Cleanup for Next Mark
[2022-12-02T23:44:26.220+0600][2666.924s] GC(9) Concurrent Cleanup for Next Mark 0.556ms
[2022-12-02T23:44:26.220+0600][2666.924s] GC(9) Concurrent Mark Cycle 68.742ms
[2022-12-03T00:27:45.191+0600][5265.895s] Heap
[2022-12-03T00:27:45.191+0600][5265.895s]  garbage-first heap   total 524288K, used 105564K [0x00000000e0000000, 0x0000000100000000)
[2022-12-03T00:27:45.191+0600][5265.895s]   region size 1024K, 58 young (59392K), 2 survivors (2048K)
[2022-12-03T00:27:45.191+0600][5265.895s]  Metaspace       used 61823K, committed 62336K, reserved 1114112K
[2022-12-03T00:27:45.191+0600][5265.895s]   class space    used 6793K, committed 6976K, reserved 1048576K
