[2022-12-03T00:27:47.436+0600][0.006s] CardTable entry size: 512
[2022-12-03T00:27:47.436+0600][0.006s] Using G1
[2022-12-03T00:27:47.536+0600][0.106s] Version: 19.0.1+10 (release)
[2022-12-03T00:27:47.536+0600][0.106s] CPUs: 8 total, 8 available
[2022-12-03T00:27:47.536+0600][0.106s] Memory: 11856M
[2022-12-03T00:27:47.536+0600][0.106s] Large Page Support: Disabled
[2022-12-03T00:27:47.536+0600][0.106s] NUMA Support: Disabled
[2022-12-03T00:27:47.536+0600][0.106s] Compressed Oops: Enabled (32-bit)
[2022-12-03T00:27:47.536+0600][0.106s] Heap Region Size: 1M
[2022-12-03T00:27:47.536+0600][0.106s] Heap Min Capacity: 512M
[2022-12-03T00:27:47.536+0600][0.106s] Heap Initial Capacity: 512M
[2022-12-03T00:27:47.536+0600][0.106s] Heap Max Capacity: 512M
[2022-12-03T00:27:47.536+0600][0.106s] Pre-touch: Enabled
[2022-12-03T00:27:47.536+0600][0.106s] Parallel Workers: 8
[2022-12-03T00:27:47.536+0600][0.106s] Concurrent Workers: 2
[2022-12-03T00:27:47.536+0600][0.106s] Concurrent Refinement Workers: 8
[2022-12-03T00:27:47.536+0600][0.106s] Periodic GC: Disabled
[2022-12-03T00:27:47.536+0600][0.106s] CDS archive(s) not mapped
[2022-12-03T00:27:47.536+0600][0.106s] Compressed class space mapped at: 0x0000000100000000-0x0000000140000000, reserved size: 1073741824
[2022-12-03T00:27:47.536+0600][0.106s] Narrow klass base: 0x0000000000000000, Narrow klass shift: 3, Narrow klass range: 0x140000000
[2022-12-03T00:27:48.175+0600][0.745s] GC(0) Pause Young (Normal) (G1 Evacuation Pause)
[2022-12-03T00:27:48.175+0600][0.745s] GC(0) Using 8 workers of 8 for evacuation
[2022-12-03T00:27:48.180+0600][0.750s] GC(0)   Pre Evacuate Collection Set: 0.1ms
[2022-12-03T00:27:48.180+0600][0.750s] GC(0)   Merge Heap Roots: 0.0ms
[2022-12-03T00:27:48.180+0600][0.750s] GC(0)   Evacuate Collection Set: 4.1ms
[2022-12-03T00:27:48.180+0600][0.750s] GC(0)   Post Evacuate Collection Set: 0.5ms
[2022-12-03T00:27:48.180+0600][0.750s] GC(0)   Other: 0.1ms
[2022-12-03T00:27:48.180+0600][0.750s] GC(0) Eden regions: 29->0(40)
[2022-12-03T00:27:48.180+0600][0.750s] GC(0) Survivor regions: 0->4(4)
[2022-12-03T00:27:48.180+0600][0.750s] GC(0) Old regions: 0->1
[2022-12-03T00:27:48.180+0600][0.750s] GC(0) Archive regions: 0->0
[2022-12-03T00:27:48.180+0600][0.750s] GC(0) Humongous regions: 0->0
[2022-12-03T00:27:48.180+0600][0.750s] GC(0) Metaspace: 18726K(19008K)->18726K(19008K) NonClass: 16898K(17024K)->16898K(17024K) Class: 1827K(1984K)->1827K(1984K)
[2022-12-03T00:27:48.180+0600][0.750s] GC(0) Pause Young (Normal) (G1 Evacuation Pause) 29M->4M(512M) 4.962ms
[2022-12-03T00:27:48.180+0600][0.750s] GC(0) User=0.03s Sys=0.00s Real=0.01s
[2022-12-03T00:27:48.303+0600][0.873s] GC(1) Pause Young (Concurrent Start) (Metadata GC Threshold)
[2022-12-03T00:27:48.303+0600][0.873s] GC(1) Using 8 workers of 8 for evacuation
[2022-12-03T00:27:48.309+0600][0.879s] GC(1)   Pre Evacuate Collection Set: 0.1ms
[2022-12-03T00:27:48.309+0600][0.879s] GC(1)   Merge Heap Roots: 0.0ms
[2022-12-03T00:27:48.309+0600][0.879s] GC(1)   Evacuate Collection Set: 5.3ms
[2022-12-03T00:27:48.309+0600][0.879s] GC(1)   Post Evacuate Collection Set: 0.5ms
[2022-12-03T00:27:48.309+0600][0.879s] GC(1)   Other: 0.1ms
[2022-12-03T00:27:48.309+0600][0.879s] GC(1) Eden regions: 13->0(58)
[2022-12-03T00:27:48.309+0600][0.879s] GC(1) Survivor regions: 4->6(6)
[2022-12-03T00:27:48.309+0600][0.879s] GC(1) Old regions: 1->6
[2022-12-03T00:27:48.309+0600][0.879s] GC(1) Archive regions: 0->0
[2022-12-03T00:27:48.309+0600][0.879s] GC(1) Humongous regions: 4->4
[2022-12-03T00:27:48.309+0600][0.879s] GC(1) Metaspace: 21192K(21504K)->21192K(21504K) NonClass: 19064K(19200K)->19064K(19200K) Class: 2127K(2304K)->2127K(2304K)
[2022-12-03T00:27:48.309+0600][0.879s] GC(1) Pause Young (Concurrent Start) (Metadata GC Threshold) 20M->15M(512M) 6.346ms
[2022-12-03T00:27:48.309+0600][0.879s] GC(1) User=0.04s Sys=0.00s Real=0.01s
[2022-12-03T00:27:48.309+0600][0.879s] GC(2) Concurrent Mark Cycle
[2022-12-03T00:27:48.309+0600][0.879s] GC(2) Concurrent Clear Claimed Marks
[2022-12-03T00:27:48.309+0600][0.879s] GC(2) Concurrent Clear Claimed Marks 0.052ms
[2022-12-03T00:27:48.309+0600][0.879s] GC(2) Concurrent Scan Root Regions
[2022-12-03T00:27:48.312+0600][0.882s] GC(2) Concurrent Scan Root Regions 2.691ms
[2022-12-03T00:27:48.312+0600][0.882s] GC(2) Concurrent Mark
[2022-12-03T00:27:48.312+0600][0.882s] GC(2) Concurrent Mark From Roots
[2022-12-03T00:27:48.312+0600][0.882s] GC(2) Using 2 workers of 2 for marking
[2022-12-03T00:27:48.313+0600][0.883s] GC(2) Concurrent Mark From Roots 0.798ms
[2022-12-03T00:27:48.313+0600][0.883s] GC(2) Concurrent Preclean
[2022-12-03T00:27:48.313+0600][0.883s] GC(2) Concurrent Preclean 0.013ms
[2022-12-03T00:27:48.313+0600][0.883s] GC(2) Pause Remark
[2022-12-03T00:27:48.314+0600][0.884s] GC(2) Pause Remark 17M->17M(512M) 0.771ms
[2022-12-03T00:27:48.314+0600][0.884s] GC(2) User=0.01s Sys=0.00s Real=0.00s
[2022-12-03T00:27:48.314+0600][0.884s] GC(2) Concurrent Mark 1.792ms
[2022-12-03T00:27:48.314+0600][0.884s] GC(2) Concurrent Rebuild Remembered Sets
[2022-12-03T00:27:48.317+0600][0.887s] GC(2) Concurrent Rebuild Remembered Sets 3.521ms
[2022-12-03T00:27:48.317+0600][0.887s] GC(2) Pause Cleanup
[2022-12-03T00:27:48.317+0600][0.887s] GC(2) Pause Cleanup 17M->17M(512M) 0.115ms
[2022-12-03T00:27:48.317+0600][0.887s] GC(2) User=0.00s Sys=0.00s Real=0.00s
[2022-12-03T00:27:48.318+0600][0.887s] GC(2) Concurrent Cleanup for Next Mark
[2022-12-03T00:27:48.318+0600][0.888s] GC(2) Concurrent Cleanup for Next Mark 0.472ms
[2022-12-03T00:27:48.318+0600][0.888s] GC(2) Concurrent Mark Cycle 9.008ms
[2022-12-03T00:27:48.742+0600][1.312s] GC(3) Pause Young (Normal) (G1 Evacuation Pause)
[2022-12-03T00:27:48.742+0600][1.312s] GC(3) Using 8 workers of 8 for evacuation
[2022-12-03T00:27:48.749+0600][1.319s] GC(3)   Pre Evacuate Collection Set: 0.1ms
[2022-12-03T00:27:48.749+0600][1.319s] GC(3)   Merge Heap Roots: 0.0ms
[2022-12-03T00:27:48.749+0600][1.319s] GC(3)   Evacuate Collection Set: 5.6ms
[2022-12-03T00:27:48.749+0600][1.319s] GC(3)   Post Evacuate Collection Set: 1.1ms
[2022-12-03T00:27:48.749+0600][1.319s] GC(3)   Other: 0.1ms
[2022-12-03T00:27:48.749+0600][1.319s] GC(3) Eden regions: 59->0(184)
[2022-12-03T00:27:48.749+0600][1.319s] GC(3) Survivor regions: 6->7(9)
[2022-12-03T00:27:48.749+0600][1.319s] GC(3) Old regions: 6->12
[2022-12-03T00:27:48.749+0600][1.319s] GC(3) Archive regions: 0->0
[2022-12-03T00:27:48.749+0600][1.319s] GC(3) Humongous regions: 4->4
[2022-12-03T00:27:48.749+0600][1.319s] GC(3) Metaspace: 26979K(27392K)->26979K(27392K) NonClass: 24243K(24448K)->24243K(24448K) Class: 2736K(2944K)->2736K(2944K)
[2022-12-03T00:27:48.749+0600][1.319s] GC(3) Pause Young (Normal) (G1 Evacuation Pause) 74M->22M(512M) 7.107ms
[2022-12-03T00:27:48.749+0600][1.319s] GC(3) User=0.05s Sys=0.00s Real=0.01s
[2022-12-03T00:27:49.344+0600][1.914s] GC(4) Pause Young (Concurrent Start) (Metadata GC Threshold)
[2022-12-03T00:27:49.344+0600][1.914s] GC(4) Using 8 workers of 8 for evacuation
[2022-12-03T00:27:49.347+0600][1.917s] GC(4)   Pre Evacuate Collection Set: 0.2ms
[2022-12-03T00:27:49.347+0600][1.917s] GC(4)   Merge Heap Roots: 0.0ms
[2022-12-03T00:27:49.347+0600][1.917s] GC(4)   Evacuate Collection Set: 2.8ms
[2022-12-03T00:27:49.347+0600][1.917s] GC(4)   Post Evacuate Collection Set: 0.7ms
[2022-12-03T00:27:49.348+0600][1.917s] GC(4)   Other: 0.1ms
[2022-12-03T00:27:49.348+0600][1.917s] GC(4) Eden regions: 76->0(299)
[2022-12-03T00:27:49.348+0600][1.917s] GC(4) Survivor regions: 7->8(24)
[2022-12-03T00:27:49.348+0600][1.917s] GC(4) Old regions: 12->12
[2022-12-03T00:27:49.348+0600][1.917s] GC(4) Archive regions: 0->0
[2022-12-03T00:27:49.348+0600][1.917s] GC(4) Humongous regions: 4->4
[2022-12-03T00:27:49.348+0600][1.917s] GC(4) Metaspace: 35630K(36096K)->35630K(36096K) NonClass: 31966K(32192K)->31966K(32192K) Class: 3664K(3904K)->3664K(3904K)
[2022-12-03T00:27:49.348+0600][1.918s] GC(4) Pause Young (Concurrent Start) (Metadata GC Threshold) 97M->23M(512M) 3.942ms
[2022-12-03T00:27:49.348+0600][1.918s] GC(4) User=0.03s Sys=0.00s Real=0.01s
[2022-12-03T00:27:49.348+0600][1.918s] GC(5) Concurrent Mark Cycle
[2022-12-03T00:27:49.348+0600][1.918s] GC(5) Concurrent Clear Claimed Marks
[2022-12-03T00:27:49.348+0600][1.918s] GC(5) Concurrent Clear Claimed Marks 0.041ms
[2022-12-03T00:27:49.348+0600][1.918s] GC(5) Concurrent Scan Root Regions
[2022-12-03T00:27:49.350+0600][1.920s] GC(5) Concurrent Scan Root Regions 1.902ms
[2022-12-03T00:27:49.350+0600][1.920s] GC(5) Concurrent Mark
[2022-12-03T00:27:49.350+0600][1.920s] GC(5) Concurrent Mark From Roots
[2022-12-03T00:27:49.350+0600][1.920s] GC(5) Using 2 workers of 2 for marking
[2022-12-03T00:27:49.364+0600][1.934s] GC(5) Concurrent Mark From Roots 14.415ms
[2022-12-03T00:27:49.364+0600][1.934s] GC(5) Concurrent Preclean
[2022-12-03T00:27:49.364+0600][1.934s] GC(5) Concurrent Preclean 0.046ms
[2022-12-03T00:27:49.364+0600][1.934s] GC(5) Pause Remark
[2022-12-03T00:27:49.365+0600][1.935s] GC(5) Pause Remark 27M->27M(512M) 1.174ms
[2022-12-03T00:27:49.365+0600][1.935s] GC(5) User=0.01s Sys=0.00s Real=0.00s
[2022-12-03T00:27:49.365+0600][1.935s] GC(5) Concurrent Mark 15.806ms
[2022-12-03T00:27:49.365+0600][1.935s] GC(5) Concurrent Rebuild Remembered Sets
[2022-12-03T00:27:49.371+0600][1.941s] GC(5) Concurrent Rebuild Remembered Sets 5.316ms
[2022-12-03T00:27:49.371+0600][1.941s] GC(5) Pause Cleanup
[2022-12-03T00:27:49.371+0600][1.941s] GC(5) Pause Cleanup 27M->27M(512M) 0.143ms
[2022-12-03T00:27:49.371+0600][1.941s] GC(5) User=0.00s Sys=0.00s Real=0.00s
[2022-12-03T00:27:49.371+0600][1.941s] GC(5) Concurrent Cleanup for Next Mark
[2022-12-03T00:27:49.372+0600][1.942s] GC(5) Concurrent Cleanup for Next Mark 0.488ms
[2022-12-03T00:27:49.372+0600][1.942s] GC(5) Concurrent Mark Cycle 24.137ms
[2022-12-03T00:40:15.410+0600][747.980s] GC(6) Pause Young (Concurrent Start) (Metadata GC Threshold)
[2022-12-03T00:40:15.410+0600][747.980s] GC(6) Using 8 workers of 8 for evacuation
[2022-12-03T00:40:15.424+0600][747.994s] GC(6)   Pre Evacuate Collection Set: 0.2ms
[2022-12-03T00:40:15.424+0600][747.994s] GC(6)   Merge Heap Roots: 0.1ms
[2022-12-03T00:40:15.424+0600][747.994s] GC(6)   Evacuate Collection Set: 12.4ms
[2022-12-03T00:40:15.424+0600][747.994s] GC(6)   Post Evacuate Collection Set: 1.5ms
[2022-12-03T00:40:15.424+0600][747.994s] GC(6)   Other: 0.1ms
[2022-12-03T00:40:15.424+0600][747.994s] GC(6) Eden regions: 267->0(281)
[2022-12-03T00:40:15.424+0600][747.994s] GC(6) Survivor regions: 8->26(39)
[2022-12-03T00:40:15.424+0600][747.994s] GC(6) Old regions: 12->12
[2022-12-03T00:40:15.424+0600][747.994s] GC(6) Archive regions: 0->0
[2022-12-03T00:40:15.424+0600][747.994s] GC(6) Humongous regions: 8->7
[2022-12-03T00:40:15.424+0600][747.994s] GC(6) Metaspace: 60128K(60736K)->60128K(60736K) NonClass: 53406K(53696K)->53406K(53696K) Class: 6722K(7040K)->6722K(7040K)
[2022-12-03T00:40:15.424+0600][747.994s] GC(6) Pause Young (Concurrent Start) (Metadata GC Threshold) 294M->44M(512M) 14.551ms
[2022-12-03T00:40:15.424+0600][747.994s] GC(6) User=0.09s Sys=0.00s Real=0.01s
[2022-12-03T00:40:15.424+0600][747.994s] GC(7) Concurrent Mark Cycle
[2022-12-03T00:40:15.425+0600][747.994s] GC(7) Concurrent Clear Claimed Marks
[2022-12-03T00:40:15.425+0600][747.995s] GC(7) Concurrent Clear Claimed Marks 0.210ms
[2022-12-03T00:40:15.425+0600][747.995s] GC(7) Concurrent Scan Root Regions
[2022-12-03T00:40:15.434+0600][748.004s] GC(7) Concurrent Scan Root Regions 8.877ms
[2022-12-03T00:40:15.434+0600][748.004s] GC(7) Concurrent Mark
[2022-12-03T00:40:15.434+0600][748.004s] GC(7) Concurrent Mark From Roots
[2022-12-03T00:40:15.434+0600][748.004s] GC(7) Using 2 workers of 2 for marking
[2022-12-03T00:40:15.448+0600][748.018s] GC(7) Concurrent Mark From Roots 13.988ms
[2022-12-03T00:40:15.448+0600][748.018s] GC(7) Concurrent Preclean
[2022-12-03T00:40:15.448+0600][748.018s] GC(7) Concurrent Preclean 0.120ms
[2022-12-03T00:40:15.448+0600][748.018s] GC(7) Pause Remark
[2022-12-03T00:40:15.454+0600][748.024s] GC(7) Pause Remark 46M->46M(512M) 5.917ms
[2022-12-03T00:40:15.454+0600][748.024s] GC(7) User=0.04s Sys=0.00s Real=0.00s
[2022-12-03T00:40:15.454+0600][748.024s] GC(7) Concurrent Mark 20.248ms
[2022-12-03T00:40:15.454+0600][748.024s] GC(7) Concurrent Rebuild Remembered Sets
[2022-12-03T00:40:15.462+0600][748.032s] GC(7) Concurrent Rebuild Remembered Sets 7.748ms
[2022-12-03T00:40:15.464+0600][748.034s] GC(7) Pause Cleanup
[2022-12-03T00:40:15.464+0600][748.034s] GC(7) Pause Cleanup 46M->46M(512M) 0.169ms
[2022-12-03T00:40:15.464+0600][748.034s] GC(7) User=0.00s Sys=0.00s Real=0.00s
[2022-12-03T00:40:15.464+0600][748.034s] GC(7) Concurrent Cleanup for Next Mark
[2022-12-03T00:40:15.466+0600][748.036s] GC(7) Concurrent Cleanup for Next Mark 1.286ms
[2022-12-03T00:40:15.466+0600][748.036s] GC(7) Concurrent Mark Cycle 41.243ms
[2022-12-03T00:42:13.795+0600][866.365s] Heap
[2022-12-03T00:42:13.795+0600][866.365s]  garbage-first heap   total 524288K, used 74866K [0x00000000e0000000, 0x0000000100000000)
[2022-12-03T00:42:13.795+0600][866.365s]   region size 1024K, 55 young (56320K), 26 survivors (26624K)
[2022-12-03T00:42:13.795+0600][866.365s]  Metaspace       used 60956K, committed 61568K, reserved 1114112K
[2022-12-03T00:42:13.795+0600][866.365s]   class space    used 6792K, committed 7040K, reserved 1048576K
