[2023-01-27T18:56:06.391+0600][0.053s] CardTable entry size: 512
[2023-01-27T18:56:06.392+0600][0.053s] Using G1
[2023-01-27T18:56:06.471+0600][0.133s] Version: 19.0.2+7 (release)
[2023-01-27T18:56:06.471+0600][0.133s] CPUs: 8 total, 8 available
[2023-01-27T18:56:06.471+0600][0.133s] Memory: 11855M
[2023-01-27T18:56:06.471+0600][0.133s] Large Page Support: Disabled
[2023-01-27T18:56:06.471+0600][0.133s] NUMA Support: Disabled
[2023-01-27T18:56:06.471+0600][0.133s] Compressed Oops: Enabled (32-bit)
[2023-01-27T18:56:06.471+0600][0.133s] Heap Region Size: 1M
[2023-01-27T18:56:06.471+0600][0.133s] Heap Min Capacity: 512M
[2023-01-27T18:56:06.471+0600][0.133s] Heap Initial Capacity: 512M
[2023-01-27T18:56:06.471+0600][0.133s] Heap Max Capacity: 512M
[2023-01-27T18:56:06.471+0600][0.133s] Pre-touch: Enabled
[2023-01-27T18:56:06.471+0600][0.133s] Parallel Workers: 8
[2023-01-27T18:56:06.471+0600][0.133s] Concurrent Workers: 2
[2023-01-27T18:56:06.471+0600][0.133s] Concurrent Refinement Workers: 8
[2023-01-27T18:56:06.471+0600][0.133s] Periodic GC: Disabled
[2023-01-27T18:56:06.472+0600][0.133s] CDS archive(s) not mapped
[2023-01-27T18:56:06.472+0600][0.133s] Compressed class space mapped at: 0x0000000100000000-0x0000000140000000, reserved size: 1073741824
[2023-01-27T18:56:06.472+0600][0.133s] Narrow klass base: 0x0000000000000000, Narrow klass shift: 3, Narrow klass range: 0x140000000
[2023-01-27T18:56:08.205+0600][1.866s] GC(0) Pause Young (Normal) (G1 Evacuation Pause)
[2023-01-27T18:56:08.205+0600][1.866s] GC(0) Using 8 workers of 8 for evacuation
[2023-01-27T18:56:08.209+0600][1.871s] GC(0)   Pre Evacuate Collection Set: 0.1ms
[2023-01-27T18:56:08.209+0600][1.871s] GC(0)   Merge Heap Roots: 0.1ms
[2023-01-27T18:56:08.209+0600][1.871s] GC(0)   Evacuate Collection Set: 3.5ms
[2023-01-27T18:56:08.209+0600][1.871s] GC(0)   Post Evacuate Collection Set: 0.5ms
[2023-01-27T18:56:08.209+0600][1.871s] GC(0)   Other: 0.1ms
[2023-01-27T18:56:08.209+0600][1.871s] GC(0) Eden regions: 29->0(40)
[2023-01-27T18:56:08.209+0600][1.871s] GC(0) Survivor regions: 0->4(4)
[2023-01-27T18:56:08.209+0600][1.871s] GC(0) Old regions: 0->1
[2023-01-27T18:56:08.209+0600][1.871s] GC(0) Archive regions: 0->0
[2023-01-27T18:56:08.209+0600][1.871s] GC(0) Humongous regions: 0->0
[2023-01-27T18:56:08.209+0600][1.871s] GC(0) Metaspace: 18721K(19008K)->18721K(19008K) NonClass: 16893K(17024K)->16893K(17024K) Class: 1827K(1984K)->1827K(1984K)
[2023-01-27T18:56:08.209+0600][1.871s] GC(0) Pause Young (Normal) (G1 Evacuation Pause) 29M->4M(512M) 4.503ms
[2023-01-27T18:56:08.209+0600][1.871s] GC(0) User=0.03s Sys=0.00s Real=0.00s
[2023-01-27T18:56:08.466+0600][2.127s] GC(1) Pause Young (Concurrent Start) (Metadata GC Threshold)
[2023-01-27T18:56:08.466+0600][2.127s] GC(1) Using 8 workers of 8 for evacuation
[2023-01-27T18:56:08.473+0600][2.134s] GC(1)   Pre Evacuate Collection Set: 0.2ms
[2023-01-27T18:56:08.473+0600][2.134s] GC(1)   Merge Heap Roots: 0.0ms
[2023-01-27T18:56:08.473+0600][2.134s] GC(1)   Evacuate Collection Set: 6.0ms
[2023-01-27T18:56:08.473+0600][2.134s] GC(1)   Post Evacuate Collection Set: 0.6ms
[2023-01-27T18:56:08.473+0600][2.134s] GC(1)   Other: 0.0ms
[2023-01-27T18:56:08.473+0600][2.134s] GC(1) Eden regions: 13->0(58)
[2023-01-27T18:56:08.473+0600][2.134s] GC(1) Survivor regions: 4->6(6)
[2023-01-27T18:56:08.473+0600][2.134s] GC(1) Old regions: 1->6
[2023-01-27T18:56:08.473+0600][2.134s] GC(1) Archive regions: 0->0
[2023-01-27T18:56:08.473+0600][2.134s] GC(1) Humongous regions: 4->4
[2023-01-27T18:56:08.473+0600][2.134s] GC(1) Metaspace: 21187K(21504K)->21187K(21504K) NonClass: 19060K(19200K)->19060K(19200K) Class: 2126K(2304K)->2126K(2304K)
[2023-01-27T18:56:08.473+0600][2.134s] GC(1) Pause Young (Concurrent Start) (Metadata GC Threshold) 21M->15M(512M) 7.085ms
[2023-01-27T18:56:08.473+0600][2.135s] GC(1) User=0.05s Sys=0.00s Real=0.01s
[2023-01-27T18:56:08.473+0600][2.135s] GC(2) Concurrent Mark Cycle
[2023-01-27T18:56:08.473+0600][2.135s] GC(2) Concurrent Clear Claimed Marks
[2023-01-27T18:56:08.473+0600][2.135s] GC(2) Concurrent Clear Claimed Marks 0.024ms
[2023-01-27T18:56:08.473+0600][2.135s] GC(2) Concurrent Scan Root Regions
[2023-01-27T18:56:08.477+0600][2.139s] GC(2) Concurrent Scan Root Regions 4.513ms
[2023-01-27T18:56:08.477+0600][2.139s] GC(2) Concurrent Mark
[2023-01-27T18:56:08.477+0600][2.139s] GC(2) Concurrent Mark From Roots
[2023-01-27T18:56:08.477+0600][2.139s] GC(2) Using 2 workers of 2 for marking
[2023-01-27T18:56:08.479+0600][2.140s] GC(2) Concurrent Mark From Roots 1.253ms
[2023-01-27T18:56:08.479+0600][2.140s] GC(2) Concurrent Preclean
[2023-01-27T18:56:08.479+0600][2.140s] GC(2) Concurrent Preclean 0.009ms
[2023-01-27T18:56:08.485+0600][2.147s] GC(2) Pause Remark
[2023-01-27T18:56:08.489+0600][2.150s] GC(2) Pause Remark 16M->16M(512M) 3.248ms
[2023-01-27T18:56:08.489+0600][2.151s] GC(2) User=0.02s Sys=0.00s Real=0.00s
[2023-01-27T18:56:08.489+0600][2.151s] GC(2) Concurrent Mark 11.477ms
[2023-01-27T18:56:08.489+0600][2.151s] GC(2) Concurrent Rebuild Remembered Sets
[2023-01-27T18:56:08.501+0600][2.163s] GC(2) Concurrent Rebuild Remembered Sets 11.913ms
[2023-01-27T18:56:08.502+0600][2.163s] GC(2) Pause Cleanup
[2023-01-27T18:56:08.502+0600][2.164s] GC(2) Pause Cleanup 16M->16M(512M) 0.332ms
[2023-01-27T18:56:08.502+0600][2.164s] GC(2) User=0.00s Sys=0.00s Real=0.00s
[2023-01-27T18:56:08.502+0600][2.164s] GC(2) Concurrent Cleanup for Next Mark
[2023-01-27T18:56:08.503+0600][2.165s] GC(2) Concurrent Cleanup for Next Mark 1.082ms
[2023-01-27T18:56:08.503+0600][2.165s] GC(2) Concurrent Mark Cycle 30.310ms
[2023-01-27T18:56:09.933+0600][3.594s] GC(3) Pause Young (Normal) (G1 Evacuation Pause)
[2023-01-27T18:56:09.933+0600][3.594s] GC(3) Using 8 workers of 8 for evacuation
[2023-01-27T18:56:09.939+0600][3.601s] GC(3)   Pre Evacuate Collection Set: 0.1ms
[2023-01-27T18:56:09.939+0600][3.601s] GC(3)   Merge Heap Roots: 0.1ms
[2023-01-27T18:56:09.939+0600][3.601s] GC(3)   Evacuate Collection Set: 4.7ms
[2023-01-27T18:56:09.939+0600][3.601s] GC(3)   Post Evacuate Collection Set: 1.1ms
[2023-01-27T18:56:09.939+0600][3.601s] GC(3)   Other: 0.1ms
[2023-01-27T18:56:09.939+0600][3.601s] GC(3) Eden regions: 58->0(180)
[2023-01-27T18:56:09.939+0600][3.601s] GC(3) Survivor regions: 6->7(8)
[2023-01-27T18:56:09.939+0600][3.601s] GC(3) Old regions: 6->12
[2023-01-27T18:56:09.939+0600][3.601s] GC(3) Archive regions: 0->0
[2023-01-27T18:56:09.939+0600][3.601s] GC(3) Humongous regions: 4->4
[2023-01-27T18:56:09.939+0600][3.601s] GC(3) Metaspace: 27059K(27520K)->27059K(27520K) NonClass: 24321K(24576K)->24321K(24576K) Class: 2737K(2944K)->2737K(2944K)
[2023-01-27T18:56:09.939+0600][3.601s] GC(3) Pause Young (Normal) (G1 Evacuation Pause) 73M->22M(512M) 6.253ms
[2023-01-27T18:56:09.939+0600][3.601s] GC(3) User=0.04s Sys=0.00s Real=0.01s
[2023-01-27T18:56:11.387+0600][5.049s] GC(4) Pause Young (Concurrent Start) (Metadata GC Threshold)
[2023-01-27T18:56:11.387+0600][5.049s] GC(4) Using 8 workers of 8 for evacuation
[2023-01-27T18:56:11.399+0600][5.061s] GC(4)   Pre Evacuate Collection Set: 0.5ms
[2023-01-27T18:56:11.399+0600][5.061s] GC(4)   Merge Heap Roots: 0.2ms
[2023-01-27T18:56:11.399+0600][5.061s] GC(4)   Evacuate Collection Set: 9.1ms
[2023-01-27T18:56:11.399+0600][5.061s] GC(4)   Post Evacuate Collection Set: 1.8ms
[2023-01-27T18:56:11.399+0600][5.061s] GC(4)   Other: 0.3ms
[2023-01-27T18:56:11.399+0600][5.061s] GC(4) Eden regions: 75->0(299)
[2023-01-27T18:56:11.399+0600][5.061s] GC(4) Survivor regions: 7->8(24)
[2023-01-27T18:56:11.399+0600][5.061s] GC(4) Old regions: 12->12
[2023-01-27T18:56:11.399+0600][5.061s] GC(4) Archive regions: 0->0
[2023-01-27T18:56:11.399+0600][5.061s] GC(4) Humongous regions: 4->4
[2023-01-27T18:56:11.399+0600][5.061s] GC(4) Metaspace: 35526K(35968K)->35526K(35968K) NonClass: 31891K(32128K)->31891K(32128K) Class: 3635K(3840K)->3635K(3840K)
[2023-01-27T18:56:11.399+0600][5.061s] GC(4) Pause Young (Concurrent Start) (Metadata GC Threshold) 96M->23M(512M) 12.478ms
[2023-01-27T18:56:11.400+0600][5.061s] GC(4) User=0.07s Sys=0.00s Real=0.01s
[2023-01-27T18:56:11.400+0600][5.061s] GC(5) Concurrent Mark Cycle
[2023-01-27T18:56:11.400+0600][5.061s] GC(5) Concurrent Clear Claimed Marks
[2023-01-27T18:56:11.400+0600][5.062s] GC(5) Concurrent Clear Claimed Marks 0.095ms
[2023-01-27T18:56:11.400+0600][5.062s] GC(5) Concurrent Scan Root Regions
[2023-01-27T18:56:11.406+0600][5.068s] GC(5) Concurrent Scan Root Regions 6.142ms
[2023-01-27T18:56:11.406+0600][5.068s] GC(5) Concurrent Mark
[2023-01-27T18:56:11.406+0600][5.068s] GC(5) Concurrent Mark From Roots
[2023-01-27T18:56:11.406+0600][5.068s] GC(5) Using 2 workers of 2 for marking
[2023-01-27T18:56:11.434+0600][5.096s] GC(5) Concurrent Mark From Roots 28.158ms
[2023-01-27T18:56:11.434+0600][5.096s] GC(5) Concurrent Preclean
[2023-01-27T18:56:11.434+0600][5.096s] GC(5) Concurrent Preclean 0.029ms
[2023-01-27T18:56:11.435+0600][5.096s] GC(5) Pause Remark
[2023-01-27T18:56:11.437+0600][5.099s] GC(5) Pause Remark 26M->26M(512M) 2.677ms
[2023-01-27T18:56:11.437+0600][5.099s] GC(5) User=0.01s Sys=0.00s Real=0.00s
[2023-01-27T18:56:11.437+0600][5.099s] GC(5) Concurrent Mark 31.268ms
[2023-01-27T18:56:11.437+0600][5.099s] GC(5) Concurrent Rebuild Remembered Sets
[2023-01-27T18:56:11.446+0600][5.108s] GC(5) Concurrent Rebuild Remembered Sets 8.422ms
[2023-01-27T18:56:11.446+0600][5.108s] GC(5) Pause Cleanup
[2023-01-27T18:56:11.446+0600][5.108s] GC(5) Pause Cleanup 27M->27M(512M) 0.106ms
[2023-01-27T18:56:11.446+0600][5.108s] GC(5) User=0.00s Sys=0.00s Real=0.00s
[2023-01-27T18:56:11.446+0600][5.108s] GC(5) Concurrent Cleanup for Next Mark
[2023-01-27T18:56:11.447+0600][5.108s] GC(5) Concurrent Cleanup for Next Mark 0.363ms
[2023-01-27T18:56:11.447+0600][5.108s] GC(5) Concurrent Mark Cycle 47.150ms
[2023-01-27T18:56:30.845+0600][24.506s] GC(6) Pause Young (Prepare Mixed) (G1 Evacuation Pause)
[2023-01-27T18:56:30.845+0600][24.506s] GC(6) Using 8 workers of 8 for evacuation
[2023-01-27T18:56:30.866+0600][24.528s] GC(6)   Pre Evacuate Collection Set: 0.2ms
[2023-01-27T18:56:30.866+0600][24.528s] GC(6)   Merge Heap Roots: 0.2ms
[2023-01-27T18:56:30.866+0600][24.528s] GC(6)   Evacuate Collection Set: 18.9ms
[2023-01-27T18:56:30.866+0600][24.528s] GC(6)   Post Evacuate Collection Set: 1.8ms
[2023-01-27T18:56:30.866+0600][24.528s] GC(6)   Other: 0.2ms
[2023-01-27T18:56:30.866+0600][24.528s] GC(6) Eden regions: 299->0(1)
[2023-01-27T18:56:30.866+0600][24.528s] GC(6) Survivor regions: 8->28(39)
[2023-01-27T18:56:30.866+0600][24.528s] GC(6) Old regions: 12->12
[2023-01-27T18:56:30.866+0600][24.528s] GC(6) Archive regions: 0->0
[2023-01-27T18:56:30.866+0600][24.528s] GC(6) Humongous regions: 5->4
[2023-01-27T18:56:30.866+0600][24.528s] GC(6) Metaspace: 57601K(58176K)->57601K(58176K) NonClass: 51230K(51520K)->51230K(51520K) Class: 6370K(6656K)->6370K(6656K)
[2023-01-27T18:56:30.866+0600][24.528s] GC(6) Pause Young (Prepare Mixed) (G1 Evacuation Pause) 323M->43M(512M) 21.540ms
[2023-01-27T18:56:30.866+0600][24.528s] GC(6) User=0.10s Sys=0.00s Real=0.02s
[2023-01-27T18:56:30.868+0600][24.529s] GC(7) Pause Young (Mixed) (G1 Evacuation Pause)
[2023-01-27T18:56:30.868+0600][24.530s] GC(7) Using 8 workers of 8 for evacuation
[2023-01-27T18:56:30.883+0600][24.545s] GC(7)   Pre Evacuate Collection Set: 0.1ms
[2023-01-27T18:56:30.883+0600][24.545s] GC(7)   Merge Heap Roots: 0.0ms
[2023-01-27T18:56:30.883+0600][24.545s] GC(7)   Evacuate Collection Set: 14.6ms
[2023-01-27T18:56:30.883+0600][24.545s] GC(7)   Post Evacuate Collection Set: 0.6ms
[2023-01-27T18:56:30.883+0600][24.545s] GC(7)   Other: 0.1ms
[2023-01-27T18:56:30.883+0600][24.545s] GC(7) Eden regions: 1->0(305)
[2023-01-27T18:56:30.883+0600][24.545s] GC(7) Survivor regions: 28->2(4)
[2023-01-27T18:56:30.883+0600][24.545s] GC(7) Old regions: 12->39
[2023-01-27T18:56:30.883+0600][24.545s] GC(7) Archive regions: 0->0
[2023-01-27T18:56:30.883+0600][24.545s] GC(7) Humongous regions: 4->4
[2023-01-27T18:56:30.883+0600][24.545s] GC(7) Metaspace: 57606K(58176K)->57606K(58176K) NonClass: 51236K(51520K)->51236K(51520K) Class: 6370K(6656K)->6370K(6656K)
[2023-01-27T18:56:30.883+0600][24.545s] GC(7) Pause Young (Mixed) (G1 Evacuation Pause) 44M->43M(512M) 15.649ms
[2023-01-27T18:56:30.883+0600][24.545s] GC(7) User=0.09s Sys=0.00s Real=0.02s
[2023-01-27T18:58:30.197+0600][143.859s] GC(8) Pause Young (Concurrent Start) (Metadata GC Threshold)
[2023-01-27T18:58:30.197+0600][143.859s] GC(8) Using 8 workers of 8 for evacuation
[2023-01-27T18:58:30.205+0600][143.867s] GC(8)   Pre Evacuate Collection Set: 0.5ms
[2023-01-27T18:58:30.205+0600][143.867s] GC(8)   Merge Heap Roots: 0.2ms
[2023-01-27T18:58:30.205+0600][143.867s] GC(8)   Evacuate Collection Set: 5.5ms
[2023-01-27T18:58:30.205+0600][143.867s] GC(8)   Post Evacuate Collection Set: 1.4ms
[2023-01-27T18:58:30.205+0600][143.867s] GC(8)   Other: 0.2ms
[2023-01-27T18:58:30.205+0600][143.867s] GC(8) Eden regions: 31->0(305)
[2023-01-27T18:58:30.205+0600][143.867s] GC(8) Survivor regions: 2->2(39)
[2023-01-27T18:58:30.205+0600][143.867s] GC(8) Old regions: 39->39
[2023-01-27T18:58:30.205+0600][143.867s] GC(8) Archive regions: 0->0
[2023-01-27T18:58:30.205+0600][143.867s] GC(8) Humongous regions: 4->4
[2023-01-27T18:58:30.205+0600][143.867s] GC(8) Metaspace: 59867K(60416K)->59867K(60416K) NonClass: 53240K(53504K)->53240K(53504K) Class: 6627K(6912K)->6627K(6912K)
[2023-01-27T18:58:30.205+0600][143.867s] GC(8) Pause Young (Concurrent Start) (Metadata GC Threshold) 74M->43M(512M) 8.263ms
[2023-01-27T18:58:30.205+0600][143.867s] GC(8) User=0.03s Sys=0.00s Real=0.01s
[2023-01-27T18:58:30.205+0600][143.867s] GC(9) Concurrent Mark Cycle
[2023-01-27T18:58:30.206+0600][143.867s] GC(9) Concurrent Clear Claimed Marks
[2023-01-27T18:58:30.206+0600][143.867s] GC(9) Concurrent Clear Claimed Marks 0.113ms
[2023-01-27T18:58:30.206+0600][143.867s] GC(9) Concurrent Scan Root Regions
[2023-01-27T18:58:30.209+0600][143.870s] GC(9) Concurrent Scan Root Regions 3.020ms
[2023-01-27T18:58:30.209+0600][143.871s] GC(9) Concurrent Mark
[2023-01-27T18:58:30.209+0600][143.871s] GC(9) Concurrent Mark From Roots
[2023-01-27T18:58:30.209+0600][143.871s] GC(9) Using 2 workers of 2 for marking
[2023-01-27T18:58:30.255+0600][143.916s] GC(9) Concurrent Mark From Roots 45.764ms
[2023-01-27T18:58:30.255+0600][143.916s] GC(9) Concurrent Preclean
[2023-01-27T18:58:30.255+0600][143.916s] GC(9) Concurrent Preclean 0.116ms
[2023-01-27T18:58:30.255+0600][143.917s] GC(9) Pause Remark
[2023-01-27T18:58:30.257+0600][143.919s] GC(9) Pause Remark 50M->50M(512M) 2.327ms
[2023-01-27T18:58:30.257+0600][143.919s] GC(9) User=0.01s Sys=0.00s Real=0.00s
[2023-01-27T18:58:30.257+0600][143.919s] GC(9) Concurrent Mark 48.400ms
[2023-01-27T18:58:30.257+0600][143.919s] GC(9) Concurrent Rebuild Remembered Sets
[2023-01-27T18:58:30.277+0600][143.939s] GC(9) Concurrent Rebuild Remembered Sets 19.618ms
[2023-01-27T18:58:30.277+0600][143.939s] GC(9) Pause Cleanup
[2023-01-27T18:58:30.277+0600][143.939s] GC(9) Pause Cleanup 51M->51M(512M) 0.136ms
[2023-01-27T18:58:30.277+0600][143.939s] GC(9) User=0.00s Sys=0.00s Real=0.00s
[2023-01-27T18:58:30.277+0600][143.939s] GC(9) Concurrent Cleanup for Next Mark
[2023-01-27T18:58:30.278+0600][143.939s] GC(9) Concurrent Cleanup for Next Mark 0.546ms
[2023-01-27T18:58:30.278+0600][143.939s] GC(9) Concurrent Mark Cycle 72.298ms
[2023-01-27T19:09:24.101+0600][797.763s] Heap
[2023-01-27T19:09:24.102+0600][797.763s]  garbage-first heap   total 524288K, used 343367K [0x00000000e0000000, 0x0000000100000000)
[2023-01-27T19:09:24.102+0600][797.763s]   region size 1024K, 291 young (297984K), 2 survivors (2048K)
[2023-01-27T19:09:24.102+0600][797.763s]  Metaspace       used 63075K, committed 63680K, reserved 1114112K
[2023-01-27T19:09:24.102+0600][797.763s]   class space    used 6838K, committed 7104K, reserved 1048576K
