[2022-11-27T21:09:30.724+0600][0.008s] CardTable entry size: 512
[2022-11-27T21:09:30.724+0600][0.008s] Using G1
[2022-11-27T21:09:30.934+0600][0.218s] Version: 19.0.1+10 (release)
[2022-11-27T21:09:30.934+0600][0.218s] CPUs: 8 total, 8 available
[2022-11-27T21:09:30.934+0600][0.218s] Memory: 11856M
[2022-11-27T21:09:30.934+0600][0.218s] Large Page Support: Disabled
[2022-11-27T21:09:30.934+0600][0.218s] NUMA Support: Disabled
[2022-11-27T21:09:30.934+0600][0.218s] Compressed Oops: Enabled (32-bit)
[2022-11-27T21:09:30.934+0600][0.218s] Heap Region Size: 1M
[2022-11-27T21:09:30.934+0600][0.218s] Heap Min Capacity: 512M
[2022-11-27T21:09:30.934+0600][0.218s] Heap Initial Capacity: 512M
[2022-11-27T21:09:30.934+0600][0.218s] Heap Max Capacity: 512M
[2022-11-27T21:09:30.934+0600][0.218s] Pre-touch: Enabled
[2022-11-27T21:09:30.934+0600][0.218s] Parallel Workers: 8
[2022-11-27T21:09:30.934+0600][0.218s] Concurrent Workers: 2
[2022-11-27T21:09:30.934+0600][0.218s] Concurrent Refinement Workers: 8
[2022-11-27T21:09:30.934+0600][0.218s] Periodic GC: Disabled
[2022-11-27T21:09:30.934+0600][0.218s] CDS archive(s) not mapped
[2022-11-27T21:09:30.934+0600][0.218s] Compressed class space mapped at: 0x0000000100000000-0x0000000140000000, reserved size: 1073741824
[2022-11-27T21:09:30.934+0600][0.218s] Narrow klass base: 0x0000000000000000, Narrow klass shift: 3, Narrow klass range: 0x140000000
[2022-11-27T21:09:33.022+0600][2.306s] GC(0) Pause Young (Normal) (G1 Evacuation Pause)
[2022-11-27T21:09:33.022+0600][2.306s] GC(0) Using 8 workers of 8 for evacuation
[2022-11-27T21:09:33.032+0600][2.316s] GC(0)   Pre Evacuate Collection Set: 0.1ms
[2022-11-27T21:09:33.032+0600][2.316s] GC(0)   Merge Heap Roots: 0.1ms
[2022-11-27T21:09:33.032+0600][2.316s] GC(0)   Evacuate Collection Set: 7.5ms
[2022-11-27T21:09:33.032+0600][2.316s] GC(0)   Post Evacuate Collection Set: 2.1ms
[2022-11-27T21:09:33.032+0600][2.316s] GC(0)   Other: 0.2ms
[2022-11-27T21:09:33.032+0600][2.316s] GC(0) Eden regions: 29->0(40)
[2022-11-27T21:09:33.032+0600][2.316s] GC(0) Survivor regions: 0->4(4)
[2022-11-27T21:09:33.032+0600][2.316s] GC(0) Old regions: 0->1
[2022-11-27T21:09:33.032+0600][2.316s] GC(0) Archive regions: 0->0
[2022-11-27T21:09:33.032+0600][2.316s] GC(0) Humongous regions: 0->0
[2022-11-27T21:09:33.032+0600][2.316s] GC(0) Metaspace: 18720K(19008K)->18720K(19008K) NonClass: 16892K(17024K)->16892K(17024K) Class: 1828K(1984K)->1828K(1984K)
[2022-11-27T21:09:33.033+0600][2.317s] GC(0) Pause Young (Normal) (G1 Evacuation Pause) 29M->4M(512M) 10.734ms
[2022-11-27T21:09:33.033+0600][2.317s] GC(0) User=0.05s Sys=0.00s Real=0.01s
[2022-11-27T21:09:33.506+0600][2.790s] GC(1) Pause Young (Concurrent Start) (Metadata GC Threshold)
[2022-11-27T21:09:33.506+0600][2.790s] GC(1) Using 8 workers of 8 for evacuation
[2022-11-27T21:09:33.521+0600][2.805s] GC(1)   Pre Evacuate Collection Set: 0.4ms
[2022-11-27T21:09:33.521+0600][2.805s] GC(1)   Merge Heap Roots: 0.1ms
[2022-11-27T21:09:33.521+0600][2.805s] GC(1)   Evacuate Collection Set: 13.7ms
[2022-11-27T21:09:33.521+0600][2.805s] GC(1)   Post Evacuate Collection Set: 0.8ms
[2022-11-27T21:09:33.521+0600][2.805s] GC(1)   Other: 0.2ms
[2022-11-27T21:09:33.521+0600][2.805s] GC(1) Eden regions: 13->0(56)
[2022-11-27T21:09:33.521+0600][2.805s] GC(1) Survivor regions: 4->6(6)
[2022-11-27T21:09:33.521+0600][2.805s] GC(1) Old regions: 1->6
[2022-11-27T21:09:33.521+0600][2.805s] GC(1) Archive regions: 0->0
[2022-11-27T21:09:33.521+0600][2.805s] GC(1) Humongous regions: 4->4
[2022-11-27T21:09:33.521+0600][2.805s] GC(1) Metaspace: 21188K(21504K)->21188K(21504K) NonClass: 19057K(19200K)->19057K(19200K) Class: 2131K(2304K)->2131K(2304K)
[2022-11-27T21:09:33.521+0600][2.805s] GC(1) Pause Young (Concurrent Start) (Metadata GC Threshold) 20M->15M(512M) 15.453ms
[2022-11-27T21:09:33.521+0600][2.805s] GC(1) User=0.07s Sys=0.01s Real=0.01s
[2022-11-27T21:09:33.521+0600][2.805s] GC(2) Concurrent Mark Cycle
[2022-11-27T21:09:33.521+0600][2.805s] GC(2) Concurrent Clear Claimed Marks
[2022-11-27T21:09:33.521+0600][2.805s] GC(2) Concurrent Clear Claimed Marks 0.055ms
[2022-11-27T21:09:33.522+0600][2.806s] GC(2) Concurrent Scan Root Regions
[2022-11-27T21:09:33.530+0600][2.814s] GC(2) Concurrent Scan Root Regions 8.329ms
[2022-11-27T21:09:33.530+0600][2.814s] GC(2) Concurrent Mark
[2022-11-27T21:09:33.530+0600][2.814s] GC(2) Concurrent Mark From Roots
[2022-11-27T21:09:33.530+0600][2.814s] GC(2) Using 2 workers of 2 for marking
[2022-11-27T21:09:33.532+0600][2.817s] GC(2) Concurrent Mark From Roots 2.411ms
[2022-11-27T21:09:33.533+0600][2.817s] GC(2) Concurrent Preclean
[2022-11-27T21:09:33.533+0600][2.817s] GC(2) Concurrent Preclean 0.029ms
[2022-11-27T21:09:33.533+0600][2.817s] GC(2) Pause Remark
[2022-11-27T21:09:33.536+0600][2.820s] GC(2) Pause Remark 16M->16M(512M) 3.145ms
[2022-11-27T21:09:33.536+0600][2.820s] GC(2) User=0.01s Sys=0.00s Real=0.01s
[2022-11-27T21:09:33.536+0600][2.820s] GC(2) Concurrent Mark 6.229ms
[2022-11-27T21:09:33.536+0600][2.820s] GC(2) Concurrent Rebuild Remembered Sets
[2022-11-27T21:09:33.542+0600][2.826s] GC(2) Concurrent Rebuild Remembered Sets 5.744ms
[2022-11-27T21:09:33.542+0600][2.826s] GC(2) Pause Cleanup
[2022-11-27T21:09:33.542+0600][2.826s] GC(2) Pause Cleanup 16M->16M(512M) 0.183ms
[2022-11-27T21:09:33.542+0600][2.827s] GC(2) User=0.00s Sys=0.00s Real=0.00s
[2022-11-27T21:09:33.542+0600][2.827s] GC(2) Concurrent Cleanup for Next Mark
[2022-11-27T21:09:33.545+0600][2.829s] GC(2) Concurrent Cleanup for Next Mark 2.291ms
[2022-11-27T21:09:33.545+0600][2.829s] GC(2) Concurrent Mark Cycle 23.738ms
[2022-11-27T21:09:35.259+0600][4.543s] GC(3) Pause Young (Normal) (G1 Evacuation Pause)
[2022-11-27T21:09:35.260+0600][4.544s] GC(3) Using 8 workers of 8 for evacuation
[2022-11-27T21:09:35.269+0600][4.553s] GC(3)   Pre Evacuate Collection Set: 0.2ms
[2022-11-27T21:09:35.269+0600][4.553s] GC(3)   Merge Heap Roots: 0.1ms
[2022-11-27T21:09:35.269+0600][4.553s] GC(3)   Evacuate Collection Set: 8.2ms
[2022-11-27T21:09:35.269+0600][4.553s] GC(3)   Post Evacuate Collection Set: 1.0ms
[2022-11-27T21:09:35.269+0600][4.553s] GC(3)   Other: 0.1ms
[2022-11-27T21:09:35.269+0600][4.553s] GC(3) Eden regions: 57->0(300)
[2022-11-27T21:09:35.269+0600][4.553s] GC(3) Survivor regions: 6->7(8)
[2022-11-27T21:09:35.269+0600][4.553s] GC(3) Old regions: 6->12
[2022-11-27T21:09:35.269+0600][4.553s] GC(3) Archive regions: 0->0
[2022-11-27T21:09:35.269+0600][4.553s] GC(3) Humongous regions: 4->4
[2022-11-27T21:09:35.269+0600][4.553s] GC(3) Metaspace: 26998K(27392K)->26998K(27392K) NonClass: 24262K(24448K)->24262K(24448K) Class: 2735K(2944K)->2735K(2944K)
[2022-11-27T21:09:35.269+0600][4.553s] GC(3) Pause Young (Normal) (G1 Evacuation Pause) 72M->22M(512M) 9.926ms
[2022-11-27T21:09:35.269+0600][4.553s] GC(3) User=0.05s Sys=0.00s Real=0.01s
[2022-11-27T21:09:37.513+0600][6.797s] GC(4) Pause Young (Concurrent Start) (Metadata GC Threshold)
[2022-11-27T21:09:37.513+0600][6.797s] GC(4) Using 8 workers of 8 for evacuation
[2022-11-27T21:09:37.521+0600][6.805s] GC(4)   Pre Evacuate Collection Set: 0.4ms
[2022-11-27T21:09:37.521+0600][6.805s] GC(4)   Merge Heap Roots: 0.1ms
[2022-11-27T21:09:37.521+0600][6.805s] GC(4)   Evacuate Collection Set: 6.4ms
[2022-11-27T21:09:37.521+0600][6.805s] GC(4)   Post Evacuate Collection Set: 1.0ms
[2022-11-27T21:09:37.521+0600][6.806s] GC(4)   Other: 0.3ms
[2022-11-27T21:09:37.521+0600][6.806s] GC(4) Eden regions: 83->0(299)
[2022-11-27T21:09:37.521+0600][6.806s] GC(4) Survivor regions: 7->8(39)
[2022-11-27T21:09:37.522+0600][6.806s] GC(4) Old regions: 12->12
[2022-11-27T21:09:37.522+0600][6.806s] GC(4) Archive regions: 0->0
[2022-11-27T21:09:37.522+0600][6.806s] GC(4) Humongous regions: 4->4
[2022-11-27T21:09:37.522+0600][6.806s] GC(4) Metaspace: 35576K(35968K)->35576K(35968K) NonClass: 31929K(32128K)->31929K(32128K) Class: 3647K(3840K)->3647K(3840K)
[2022-11-27T21:09:37.522+0600][6.806s] GC(4) Pause Young (Concurrent Start) (Metadata GC Threshold) 105M->23M(512M) 8.876ms
[2022-11-27T21:09:37.522+0600][6.806s] GC(4) User=0.03s Sys=0.01s Real=0.01s
[2022-11-27T21:09:37.522+0600][6.806s] GC(5) Concurrent Mark Cycle
[2022-11-27T21:09:37.522+0600][6.806s] GC(5) Concurrent Clear Claimed Marks
[2022-11-27T21:09:37.522+0600][6.806s] GC(5) Concurrent Clear Claimed Marks 0.075ms
[2022-11-27T21:09:37.522+0600][6.806s] GC(5) Concurrent Scan Root Regions
[2022-11-27T21:09:37.526+0600][6.810s] GC(5) Concurrent Scan Root Regions 3.739ms
[2022-11-27T21:09:37.526+0600][6.810s] GC(5) Concurrent Mark
[2022-11-27T21:09:37.526+0600][6.810s] GC(5) Concurrent Mark From Roots
[2022-11-27T21:09:37.526+0600][6.810s] GC(5) Using 2 workers of 2 for marking
[2022-11-27T21:09:37.559+0600][6.843s] GC(5) Concurrent Mark From Roots 32.969ms
[2022-11-27T21:09:37.559+0600][6.843s] GC(5) Concurrent Preclean
[2022-11-27T21:09:37.560+0600][6.844s] GC(5) Concurrent Preclean 0.537ms
[2022-11-27T21:09:37.561+0600][6.845s] GC(5) Pause Remark
[2022-11-27T21:09:37.566+0600][6.850s] GC(5) Pause Remark 25M->25M(512M) 5.669ms
[2022-11-27T21:09:37.567+0600][6.851s] GC(5) User=0.01s Sys=0.00s Real=0.01s
[2022-11-27T21:09:37.567+0600][6.851s] GC(5) Concurrent Mark 40.909ms
[2022-11-27T21:09:37.567+0600][6.851s] GC(5) Concurrent Rebuild Remembered Sets
[2022-11-27T21:09:37.583+0600][6.867s] GC(5) Concurrent Rebuild Remembered Sets 15.912ms
[2022-11-27T21:09:37.584+0600][6.868s] GC(5) Pause Cleanup
[2022-11-27T21:09:37.584+0600][6.868s] GC(5) Pause Cleanup 26M->26M(512M) 0.211ms
[2022-11-27T21:09:37.584+0600][6.868s] GC(5) User=0.01s Sys=0.00s Real=0.00s
[2022-11-27T21:09:37.584+0600][6.868s] GC(5) Concurrent Cleanup for Next Mark
[2022-11-27T21:09:37.586+0600][6.870s] GC(5) Concurrent Cleanup for Next Mark 1.658ms
[2022-11-27T21:09:37.586+0600][6.870s] GC(5) Concurrent Mark Cycle 64.251ms
[2022-11-27T21:09:49.951+0600][19.235s] Heap
[2022-11-27T21:09:49.951+0600][19.235s]  garbage-first heap   total 524288K, used 262580K [0x00000000e0000000, 0x0000000100000000)
[2022-11-27T21:09:49.951+0600][19.235s]   region size 1024K, 240 young (245760K), 8 survivors (8192K)
[2022-11-27T21:09:49.951+0600][19.235s]  Metaspace       used 55856K, committed 56384K, reserved 1114112K
[2022-11-27T21:09:49.951+0600][19.235s]   class space    used 6199K, committed 6464K, reserved 1048576K
