[2023-01-27T20:11:29.669+0600][0.005s] CardTable entry size: 512
[2023-01-27T20:11:29.669+0600][0.005s] Using G1
[2023-01-27T20:11:29.758+0600][0.094s] Version: 19.0.2+7 (release)
[2023-01-27T20:11:29.758+0600][0.094s] CPUs: 8 total, 8 available
[2023-01-27T20:11:29.758+0600][0.094s] Memory: 11855M
[2023-01-27T20:11:29.758+0600][0.094s] Large Page Support: Disabled
[2023-01-27T20:11:29.758+0600][0.094s] NUMA Support: Disabled
[2023-01-27T20:11:29.758+0600][0.094s] Compressed Oops: Enabled (32-bit)
[2023-01-27T20:11:29.758+0600][0.094s] Heap Region Size: 1M
[2023-01-27T20:11:29.758+0600][0.094s] Heap Min Capacity: 512M
[2023-01-27T20:11:29.758+0600][0.094s] Heap Initial Capacity: 512M
[2023-01-27T20:11:29.758+0600][0.094s] Heap Max Capacity: 512M
[2023-01-27T20:11:29.758+0600][0.094s] Pre-touch: Enabled
[2023-01-27T20:11:29.758+0600][0.094s] Parallel Workers: 8
[2023-01-27T20:11:29.758+0600][0.094s] Concurrent Workers: 2
[2023-01-27T20:11:29.758+0600][0.094s] Concurrent Refinement Workers: 8
[2023-01-27T20:11:29.758+0600][0.094s] Periodic GC: Disabled
[2023-01-27T20:11:29.758+0600][0.094s] CDS archive(s) not mapped
[2023-01-27T20:11:29.758+0600][0.094s] Compressed class space mapped at: 0x0000000100000000-0x0000000140000000, reserved size: 1073741824
[2023-01-27T20:11:29.758+0600][0.094s] Narrow klass base: 0x0000000000000000, Narrow klass shift: 3, Narrow klass range: 0x140000000
[2023-01-27T20:11:30.563+0600][0.900s] GC(0) Pause Young (Normal) (G1 Evacuation Pause)
[2023-01-27T20:11:30.563+0600][0.900s] GC(0) Using 8 workers of 8 for evacuation
[2023-01-27T20:11:30.568+0600][0.904s] GC(0)   Pre Evacuate Collection Set: 0.1ms
[2023-01-27T20:11:30.568+0600][0.904s] GC(0)   Merge Heap Roots: 0.1ms
[2023-01-27T20:11:30.568+0600][0.904s] GC(0)   Evacuate Collection Set: 3.4ms
[2023-01-27T20:11:30.568+0600][0.904s] GC(0)   Post Evacuate Collection Set: 0.6ms
[2023-01-27T20:11:30.568+0600][0.904s] GC(0)   Other: 0.1ms
[2023-01-27T20:11:30.568+0600][0.904s] GC(0) Eden regions: 29->0(40)
[2023-01-27T20:11:30.568+0600][0.904s] GC(0) Survivor regions: 0->4(4)
[2023-01-27T20:11:30.568+0600][0.904s] GC(0) Old regions: 0->1
[2023-01-27T20:11:30.568+0600][0.904s] GC(0) Archive regions: 0->0
[2023-01-27T20:11:30.568+0600][0.904s] GC(0) Humongous regions: 0->0
[2023-01-27T20:11:30.568+0600][0.904s] GC(0) Metaspace: 18741K(19008K)->18741K(19008K) NonClass: 16913K(17024K)->16913K(17024K) Class: 1828K(1984K)->1828K(1984K)
[2023-01-27T20:11:30.568+0600][0.904s] GC(0) Pause Young (Normal) (G1 Evacuation Pause) 29M->4M(512M) 4.544ms
[2023-01-27T20:11:30.568+0600][0.904s] GC(0) User=0.02s Sys=0.00s Real=0.00s
[2023-01-27T20:11:30.716+0600][1.053s] GC(1) Pause Young (Concurrent Start) (Metadata GC Threshold)
[2023-01-27T20:11:30.716+0600][1.053s] GC(1) Using 8 workers of 8 for evacuation
[2023-01-27T20:11:30.723+0600][1.059s] GC(1)   Pre Evacuate Collection Set: 0.1ms
[2023-01-27T20:11:30.723+0600][1.059s] GC(1)   Merge Heap Roots: 0.0ms
[2023-01-27T20:11:30.723+0600][1.059s] GC(1)   Evacuate Collection Set: 5.8ms
[2023-01-27T20:11:30.723+0600][1.059s] GC(1)   Post Evacuate Collection Set: 0.6ms
[2023-01-27T20:11:30.723+0600][1.059s] GC(1)   Other: 0.1ms
[2023-01-27T20:11:30.723+0600][1.059s] GC(1) Eden regions: 13->0(58)
[2023-01-27T20:11:30.723+0600][1.059s] GC(1) Survivor regions: 4->6(6)
[2023-01-27T20:11:30.723+0600][1.059s] GC(1) Old regions: 1->6
[2023-01-27T20:11:30.723+0600][1.059s] GC(1) Archive regions: 0->0
[2023-01-27T20:11:30.723+0600][1.059s] GC(1) Humongous regions: 4->4
[2023-01-27T20:11:30.723+0600][1.059s] GC(1) Metaspace: 21196K(21504K)->21196K(21504K) NonClass: 19065K(19200K)->19065K(19200K) Class: 2131K(2304K)->2131K(2304K)
[2023-01-27T20:11:30.723+0600][1.060s] GC(1) Pause Young (Concurrent Start) (Metadata GC Threshold) 21M->15M(512M) 6.771ms
[2023-01-27T20:11:30.723+0600][1.060s] GC(1) User=0.04s Sys=0.00s Real=0.01s
[2023-01-27T20:11:30.723+0600][1.060s] GC(2) Concurrent Mark Cycle
[2023-01-27T20:11:30.723+0600][1.060s] GC(2) Concurrent Clear Claimed Marks
[2023-01-27T20:11:30.723+0600][1.060s] GC(2) Concurrent Clear Claimed Marks 0.020ms
[2023-01-27T20:11:30.723+0600][1.060s] GC(2) Concurrent Scan Root Regions
[2023-01-27T20:11:30.727+0600][1.064s] GC(2) Concurrent Scan Root Regions 3.873ms
[2023-01-27T20:11:30.727+0600][1.064s] GC(2) Concurrent Mark
[2023-01-27T20:11:30.727+0600][1.064s] GC(2) Concurrent Mark From Roots
[2023-01-27T20:11:30.727+0600][1.064s] GC(2) Using 2 workers of 2 for marking
[2023-01-27T20:11:30.729+0600][1.065s] GC(2) Concurrent Mark From Roots 1.381ms
[2023-01-27T20:11:30.729+0600][1.065s] GC(2) Concurrent Preclean
[2023-01-27T20:11:30.729+0600][1.065s] GC(2) Concurrent Preclean 0.006ms
[2023-01-27T20:11:30.729+0600][1.065s] GC(2) Pause Remark
[2023-01-27T20:11:30.729+0600][1.066s] GC(2) Pause Remark 16M->16M(512M) 0.738ms
[2023-01-27T20:11:30.729+0600][1.066s] GC(2) User=0.01s Sys=0.00s Real=0.00s
[2023-01-27T20:11:30.730+0600][1.066s] GC(2) Concurrent Mark 2.356ms
[2023-01-27T20:11:30.730+0600][1.066s] GC(2) Concurrent Rebuild Remembered Sets
[2023-01-27T20:11:30.734+0600][1.071s] GC(2) Concurrent Rebuild Remembered Sets 4.595ms
[2023-01-27T20:11:30.734+0600][1.071s] GC(2) Pause Cleanup
[2023-01-27T20:11:30.734+0600][1.071s] GC(2) Pause Cleanup 17M->17M(512M) 0.110ms
[2023-01-27T20:11:30.734+0600][1.071s] GC(2) User=0.00s Sys=0.00s Real=0.00s
[2023-01-27T20:11:30.734+0600][1.071s] GC(2) Concurrent Cleanup for Next Mark
[2023-01-27T20:11:30.735+0600][1.071s] GC(2) Concurrent Cleanup for Next Mark 0.606ms
[2023-01-27T20:11:30.735+0600][1.072s] GC(2) Concurrent Mark Cycle 11.970ms
[2023-01-27T20:11:31.223+0600][1.560s] GC(3) Pause Young (Normal) (G1 Evacuation Pause)
[2023-01-27T20:11:31.223+0600][1.560s] GC(3) Using 8 workers of 8 for evacuation
[2023-01-27T20:11:31.229+0600][1.565s] GC(3)   Pre Evacuate Collection Set: 0.1ms
[2023-01-27T20:11:31.229+0600][1.565s] GC(3)   Merge Heap Roots: 0.1ms
[2023-01-27T20:11:31.229+0600][1.565s] GC(3)   Evacuate Collection Set: 4.4ms
[2023-01-27T20:11:31.229+0600][1.565s] GC(3)   Post Evacuate Collection Set: 0.8ms
[2023-01-27T20:11:31.229+0600][1.565s] GC(3)   Other: 0.1ms
[2023-01-27T20:11:31.229+0600][1.565s] GC(3) Eden regions: 58->0(192)
[2023-01-27T20:11:31.229+0600][1.565s] GC(3) Survivor regions: 6->7(8)
[2023-01-27T20:11:31.229+0600][1.565s] GC(3) Old regions: 6->13
[2023-01-27T20:11:31.229+0600][1.565s] GC(3) Archive regions: 0->0
[2023-01-27T20:11:31.229+0600][1.565s] GC(3) Humongous regions: 4->4
[2023-01-27T20:11:31.229+0600][1.565s] GC(3) Metaspace: 26955K(27328K)->26955K(27328K) NonClass: 24219K(24384K)->24219K(24384K) Class: 2736K(2944K)->2736K(2944K)
[2023-01-27T20:11:31.229+0600][1.565s] GC(3) Pause Young (Normal) (G1 Evacuation Pause) 73M->22M(512M) 5.563ms
[2023-01-27T20:11:31.229+0600][1.565s] GC(3) User=0.03s Sys=0.00s Real=0.00s
[2023-01-27T20:11:31.951+0600][2.287s] GC(4) Pause Young (Concurrent Start) (Metadata GC Threshold)
[2023-01-27T20:11:31.951+0600][2.287s] GC(4) Using 8 workers of 8 for evacuation
[2023-01-27T20:11:31.955+0600][2.292s] GC(4)   Pre Evacuate Collection Set: 0.2ms
[2023-01-27T20:11:31.955+0600][2.292s] GC(4)   Merge Heap Roots: 0.1ms
[2023-01-27T20:11:31.955+0600][2.292s] GC(4)   Evacuate Collection Set: 3.2ms
[2023-01-27T20:11:31.955+0600][2.292s] GC(4)   Post Evacuate Collection Set: 0.7ms
[2023-01-27T20:11:31.955+0600][2.292s] GC(4)   Other: 0.0ms
[2023-01-27T20:11:31.955+0600][2.292s] GC(4) Eden regions: 79->0(299)
[2023-01-27T20:11:31.955+0600][2.292s] GC(4) Survivor regions: 7->8(25)
[2023-01-27T20:11:31.955+0600][2.292s] GC(4) Old regions: 13->13
[2023-01-27T20:11:31.955+0600][2.292s] GC(4) Archive regions: 0->0
[2023-01-27T20:11:31.955+0600][2.292s] GC(4) Humongous regions: 4->4
[2023-01-27T20:11:31.955+0600][2.292s] GC(4) Metaspace: 35879K(36288K)->35879K(36288K) NonClass: 32185K(32384K)->32185K(32384K) Class: 3694K(3904K)->3694K(3904K)
[2023-01-27T20:11:31.955+0600][2.292s] GC(4) Pause Young (Concurrent Start) (Metadata GC Threshold) 101M->23M(512M) 4.477ms
[2023-01-27T20:11:31.955+0600][2.292s] GC(4) User=0.02s Sys=0.00s Real=0.01s
[2023-01-27T20:11:31.955+0600][2.292s] GC(5) Concurrent Mark Cycle
[2023-01-27T20:11:31.955+0600][2.292s] GC(5) Concurrent Clear Claimed Marks
[2023-01-27T20:11:31.955+0600][2.292s] GC(5) Concurrent Clear Claimed Marks 0.037ms
[2023-01-27T20:11:31.955+0600][2.292s] GC(5) Concurrent Scan Root Regions
[2023-01-27T20:11:31.958+0600][2.294s] GC(5) Concurrent Scan Root Regions 2.140ms
[2023-01-27T20:11:31.958+0600][2.294s] GC(5) Concurrent Mark
[2023-01-27T20:11:31.958+0600][2.294s] GC(5) Concurrent Mark From Roots
[2023-01-27T20:11:31.958+0600][2.294s] GC(5) Using 2 workers of 2 for marking
[2023-01-27T20:11:31.974+0600][2.310s] GC(5) Concurrent Mark From Roots 16.008ms
[2023-01-27T20:11:31.974+0600][2.310s] GC(5) Concurrent Preclean
[2023-01-27T20:11:31.974+0600][2.310s] GC(5) Concurrent Preclean 0.035ms
[2023-01-27T20:11:31.974+0600][2.310s] GC(5) Pause Remark
[2023-01-27T20:11:31.975+0600][2.312s] GC(5) Pause Remark 26M->26M(512M) 1.387ms
[2023-01-27T20:11:31.975+0600][2.312s] GC(5) User=0.01s Sys=0.00s Real=0.00s
[2023-01-27T20:11:31.975+0600][2.312s] GC(5) Concurrent Mark 17.658ms
[2023-01-27T20:11:31.975+0600][2.312s] GC(5) Concurrent Rebuild Remembered Sets
[2023-01-27T20:11:31.984+0600][2.320s] GC(5) Concurrent Rebuild Remembered Sets 8.340ms
[2023-01-27T20:11:31.984+0600][2.320s] GC(5) Pause Cleanup
[2023-01-27T20:11:31.984+0600][2.321s] GC(5) Pause Cleanup 27M->27M(512M) 0.120ms
[2023-01-27T20:11:31.984+0600][2.321s] GC(5) User=0.00s Sys=0.00s Real=0.00s
[2023-01-27T20:11:31.984+0600][2.321s] GC(5) Concurrent Cleanup for Next Mark
[2023-01-27T20:11:31.985+0600][2.322s] GC(5) Concurrent Cleanup for Next Mark 1.156ms
[2023-01-27T20:11:31.985+0600][2.322s] GC(5) Concurrent Mark Cycle 30.036ms
[2023-01-27T20:59:40.275+0600][2890.611s] GC(6) Pause Young (Prepare Mixed) (G1 Evacuation Pause)
[2023-01-27T20:59:40.275+0600][2890.611s] GC(6) Using 8 workers of 8 for evacuation
[2023-01-27T20:59:40.287+0600][2890.624s] GC(6)   Pre Evacuate Collection Set: 0.1ms
[2023-01-27T20:59:40.287+0600][2890.624s] GC(6)   Merge Heap Roots: 0.1ms
[2023-01-27T20:59:40.287+0600][2890.624s] GC(6)   Evacuate Collection Set: 11.0ms
[2023-01-27T20:59:40.287+0600][2890.624s] GC(6)   Post Evacuate Collection Set: 1.4ms
[2023-01-27T20:59:40.287+0600][2890.624s] GC(6)   Other: 0.1ms
[2023-01-27T20:59:40.287+0600][2890.624s] GC(6) Eden regions: 299->0(1)
[2023-01-27T20:59:40.287+0600][2890.624s] GC(6) Survivor regions: 8->28(39)
[2023-01-27T20:59:40.287+0600][2890.624s] GC(6) Old regions: 13->13
[2023-01-27T20:59:40.287+0600][2890.624s] GC(6) Archive regions: 0->0
[2023-01-27T20:59:40.287+0600][2890.624s] GC(6) Humongous regions: 8->7
[2023-01-27T20:59:40.288+0600][2890.624s] GC(6) Metaspace: 58353K(59008K)->58353K(59008K) NonClass: 51875K(52224K)->51875K(52224K) Class: 6478K(6784K)->6478K(6784K)
[2023-01-27T20:59:40.288+0600][2890.624s] GC(6) Pause Young (Prepare Mixed) (G1 Evacuation Pause) 326M->46M(512M) 12.968ms
[2023-01-27T20:59:40.288+0600][2890.624s] GC(6) User=0.07s Sys=0.00s Real=0.01s
[2023-01-27T20:59:40.290+0600][2890.626s] GC(7) Pause Young (Mixed) (G1 Evacuation Pause)
[2023-01-27T20:59:40.290+0600][2890.626s] GC(7) Using 8 workers of 8 for evacuation
[2023-01-27T20:59:40.302+0600][2890.639s] GC(7)   Pre Evacuate Collection Set: 0.1ms
[2023-01-27T20:59:40.302+0600][2890.639s] GC(7)   Merge Heap Roots: 0.0ms
[2023-01-27T20:59:40.302+0600][2890.639s] GC(7)   Evacuate Collection Set: 10.3ms
[2023-01-27T20:59:40.302+0600][2890.639s] GC(7)   Post Evacuate Collection Set: 1.8ms
[2023-01-27T20:59:40.302+0600][2890.639s] GC(7)   Other: 0.1ms
[2023-01-27T20:59:40.302+0600][2890.639s] GC(7) Eden regions: 1->0(305)
[2023-01-27T20:59:40.302+0600][2890.639s] GC(7) Survivor regions: 28->2(4)
[2023-01-27T20:59:40.302+0600][2890.639s] GC(7) Old regions: 13->39
[2023-01-27T20:59:40.302+0600][2890.639s] GC(7) Archive regions: 0->0
[2023-01-27T20:59:40.302+0600][2890.639s] GC(7) Humongous regions: 7->7
[2023-01-27T20:59:40.302+0600][2890.639s] GC(7) Metaspace: 58353K(59008K)->58353K(59008K) NonClass: 51875K(52224K)->51875K(52224K) Class: 6478K(6784K)->6478K(6784K)
[2023-01-27T20:59:40.302+0600][2890.639s] GC(7) Pause Young (Mixed) (G1 Evacuation Pause) 47M->47M(512M) 12.585ms
[2023-01-27T20:59:40.302+0600][2890.639s] GC(7) User=0.06s Sys=0.00s Real=0.02s
[2023-01-27T21:33:59.316+0600][4949.652s] GC(8) Pause Young (Concurrent Start) (Metadata GC Threshold)
[2023-01-27T21:33:59.316+0600][4949.652s] GC(8) Using 8 workers of 8 for evacuation
[2023-01-27T21:33:59.318+0600][4949.654s] GC(8)   Pre Evacuate Collection Set: 0.2ms
[2023-01-27T21:33:59.318+0600][4949.655s] GC(8)   Merge Heap Roots: 0.1ms
[2023-01-27T21:33:59.318+0600][4949.655s] GC(8)   Evacuate Collection Set: 1.2ms
[2023-01-27T21:33:59.318+0600][4949.655s] GC(8)   Post Evacuate Collection Set: 0.6ms
[2023-01-27T21:33:59.318+0600][4949.655s] GC(8)   Other: 0.1ms
[2023-01-27T21:33:59.318+0600][4949.655s] GC(8) Eden regions: 78->0(306)
[2023-01-27T21:33:59.318+0600][4949.655s] GC(8) Survivor regions: 2->1(39)
[2023-01-27T21:33:59.318+0600][4949.655s] GC(8) Old regions: 39->39
[2023-01-27T21:33:59.318+0600][4949.655s] GC(8) Archive regions: 0->0
[2023-01-27T21:33:59.318+0600][4949.655s] GC(8) Humongous regions: 7->7
[2023-01-27T21:33:59.318+0600][4949.655s] GC(8) Metaspace: 60498K(61056K)->60498K(61056K) NonClass: 53845K(54144K)->53845K(54144K) Class: 6652K(6912K)->6652K(6912K)
[2023-01-27T21:33:59.318+0600][4949.655s] GC(8) Pause Young (Concurrent Start) (Metadata GC Threshold) 124M->46M(512M) 2.442ms
[2023-01-27T21:33:59.318+0600][4949.655s] GC(8) User=0.00s Sys=0.00s Real=0.00s
[2023-01-27T21:33:59.318+0600][4949.655s] GC(9) Concurrent Mark Cycle
[2023-01-27T21:33:59.318+0600][4949.655s] GC(9) Concurrent Clear Claimed Marks
[2023-01-27T21:33:59.318+0600][4949.655s] GC(9) Concurrent Clear Claimed Marks 0.048ms
[2023-01-27T21:33:59.318+0600][4949.655s] GC(9) Concurrent Scan Root Regions
[2023-01-27T21:33:59.320+0600][4949.656s] GC(9) Concurrent Scan Root Regions 1.704ms
[2023-01-27T21:33:59.320+0600][4949.657s] GC(9) Concurrent Mark
[2023-01-27T21:33:59.320+0600][4949.657s] GC(9) Concurrent Mark From Roots
[2023-01-27T21:33:59.320+0600][4949.657s] GC(9) Using 2 workers of 2 for marking
[2023-01-27T21:33:59.325+0600][4949.661s] GC(9) Concurrent Mark From Roots 4.461ms
[2023-01-27T21:33:59.325+0600][4949.661s] GC(9) Concurrent Mark Abort
[2023-01-27T21:33:59.325+0600][4949.661s] GC(9) Concurrent Mark Cycle 6.411ms
[2023-01-27T21:33:59.325+0600][4949.661s] Heap
[2023-01-27T21:33:59.325+0600][4949.661s]  garbage-first heap   total 524288K, used 53446K [0x00000000e0000000, 0x0000000100000000)
[2023-01-27T21:33:59.325+0600][4949.661s]   region size 1024K, 7 young (7168K), 1 survivors (1024K)
[2023-01-27T21:33:59.325+0600][4949.661s]  Metaspace       used 60532K, committed 61120K, reserved 1114112K
[2023-01-27T21:33:59.325+0600][4949.661s]   class space    used 6658K, committed 6912K, reserved 1048576K
