[2022-11-30T13:29:28.437+0600][0.007s] CardTable entry size: 512
[2022-11-30T13:29:28.437+0600][0.007s] Using G1
[2022-11-30T13:29:28.536+0600][0.106s] Version: 19.0.1+10 (release)
[2022-11-30T13:29:28.536+0600][0.106s] CPUs: 8 total, 8 available
[2022-11-30T13:29:28.536+0600][0.106s] Memory: 11856M
[2022-11-30T13:29:28.536+0600][0.106s] Large Page Support: Disabled
[2022-11-30T13:29:28.536+0600][0.106s] NUMA Support: Disabled
[2022-11-30T13:29:28.536+0600][0.106s] Compressed Oops: Enabled (32-bit)
[2022-11-30T13:29:28.536+0600][0.106s] Heap Region Size: 1M
[2022-11-30T13:29:28.536+0600][0.106s] Heap Min Capacity: 512M
[2022-11-30T13:29:28.536+0600][0.106s] Heap Initial Capacity: 512M
[2022-11-30T13:29:28.536+0600][0.106s] Heap Max Capacity: 512M
[2022-11-30T13:29:28.536+0600][0.106s] Pre-touch: Enabled
[2022-11-30T13:29:28.536+0600][0.106s] Parallel Workers: 8
[2022-11-30T13:29:28.536+0600][0.106s] Concurrent Workers: 2
[2022-11-30T13:29:28.536+0600][0.106s] Concurrent Refinement Workers: 8
[2022-11-30T13:29:28.536+0600][0.106s] Periodic GC: Disabled
[2022-11-30T13:29:28.536+0600][0.106s] CDS archive(s) not mapped
[2022-11-30T13:29:28.536+0600][0.106s] Compressed class space mapped at: 0x0000000100000000-0x0000000140000000, reserved size: 1073741824
[2022-11-30T13:29:28.536+0600][0.106s] Narrow klass base: 0x0000000000000000, Narrow klass shift: 3, Narrow klass range: 0x140000000
[2022-11-30T13:29:30.186+0600][1.756s] GC(0) Pause Young (Normal) (G1 Evacuation Pause)
[2022-11-30T13:29:30.186+0600][1.756s] GC(0) Using 8 workers of 8 for evacuation
[2022-11-30T13:29:30.190+0600][1.760s] GC(0)   Pre Evacuate Collection Set: 0.1ms
[2022-11-30T13:29:30.190+0600][1.760s] GC(0)   Merge Heap Roots: 0.0ms
[2022-11-30T13:29:30.190+0600][1.760s] GC(0)   Evacuate Collection Set: 3.4ms
[2022-11-30T13:29:30.190+0600][1.760s] GC(0)   Post Evacuate Collection Set: 0.7ms
[2022-11-30T13:29:30.190+0600][1.760s] GC(0)   Other: 0.1ms
[2022-11-30T13:29:30.190+0600][1.760s] GC(0) Eden regions: 29->0(40)
[2022-11-30T13:29:30.190+0600][1.760s] GC(0) Survivor regions: 0->4(4)
[2022-11-30T13:29:30.190+0600][1.760s] GC(0) Old regions: 0->1
[2022-11-30T13:29:30.190+0600][1.760s] GC(0) Archive regions: 0->0
[2022-11-30T13:29:30.190+0600][1.760s] GC(0) Humongous regions: 0->0
[2022-11-30T13:29:30.190+0600][1.760s] GC(0) Metaspace: 18729K(19008K)->18729K(19008K) NonClass: 16901K(17024K)->16901K(17024K) Class: 1827K(1984K)->1827K(1984K)
[2022-11-30T13:29:30.190+0600][1.760s] GC(0) Pause Young (Normal) (G1 Evacuation Pause) 29M->4M(512M) 4.463ms
[2022-11-30T13:29:30.190+0600][1.760s] GC(0) User=0.03s Sys=0.00s Real=0.00s
[2022-11-30T13:29:30.436+0600][2.006s] GC(1) Pause Young (Concurrent Start) (Metadata GC Threshold)
[2022-11-30T13:29:30.436+0600][2.006s] GC(1) Using 8 workers of 8 for evacuation
[2022-11-30T13:29:30.444+0600][2.014s] GC(1)   Pre Evacuate Collection Set: 0.1ms
[2022-11-30T13:29:30.444+0600][2.014s] GC(1)   Merge Heap Roots: 0.1ms
[2022-11-30T13:29:30.444+0600][2.014s] GC(1)   Evacuate Collection Set: 7.1ms
[2022-11-30T13:29:30.444+0600][2.014s] GC(1)   Post Evacuate Collection Set: 0.5ms
[2022-11-30T13:29:30.444+0600][2.014s] GC(1)   Other: 0.1ms
[2022-11-30T13:29:30.444+0600][2.014s] GC(1) Eden regions: 13->0(57)
[2022-11-30T13:29:30.444+0600][2.014s] GC(1) Survivor regions: 4->6(6)
[2022-11-30T13:29:30.444+0600][2.014s] GC(1) Old regions: 1->6
[2022-11-30T13:29:30.444+0600][2.014s] GC(1) Archive regions: 0->0
[2022-11-30T13:29:30.444+0600][2.014s] GC(1) Humongous regions: 4->4
[2022-11-30T13:29:30.444+0600][2.014s] GC(1) Metaspace: 21188K(21504K)->21188K(21504K) NonClass: 19059K(19200K)->19059K(19200K) Class: 2128K(2304K)->2128K(2304K)
[2022-11-30T13:29:30.444+0600][2.014s] GC(1) Pause Young (Concurrent Start) (Metadata GC Threshold) 20M->15M(512M) 8.139ms
[2022-11-30T13:29:30.444+0600][2.014s] GC(1) User=0.05s Sys=0.00s Real=0.01s
[2022-11-30T13:29:30.444+0600][2.014s] GC(2) Concurrent Mark Cycle
[2022-11-30T13:29:30.445+0600][2.014s] GC(2) Concurrent Clear Claimed Marks
[2022-11-30T13:29:30.445+0600][2.014s] GC(2) Concurrent Clear Claimed Marks 0.029ms
[2022-11-30T13:29:30.445+0600][2.014s] GC(2) Concurrent Scan Root Regions
[2022-11-30T13:29:30.449+0600][2.019s] GC(2) Concurrent Scan Root Regions 4.561ms
[2022-11-30T13:29:30.449+0600][2.019s] GC(2) Concurrent Mark
[2022-11-30T13:29:30.449+0600][2.019s] GC(2) Concurrent Mark From Roots
[2022-11-30T13:29:30.449+0600][2.019s] GC(2) Using 2 workers of 2 for marking
[2022-11-30T13:29:30.450+0600][2.020s] GC(2) Concurrent Mark From Roots 1.196ms
[2022-11-30T13:29:30.450+0600][2.020s] GC(2) Concurrent Preclean
[2022-11-30T13:29:30.450+0600][2.020s] GC(2) Concurrent Preclean 0.011ms
[2022-11-30T13:29:30.454+0600][2.024s] GC(2) Pause Remark
[2022-11-30T13:29:30.457+0600][2.027s] GC(2) Pause Remark 16M->16M(512M) 3.009ms
[2022-11-30T13:29:30.457+0600][2.027s] GC(2) User=0.01s Sys=0.00s Real=0.00s
[2022-11-30T13:29:30.457+0600][2.027s] GC(2) Concurrent Mark 7.744ms
[2022-11-30T13:29:30.457+0600][2.027s] GC(2) Concurrent Rebuild Remembered Sets
[2022-11-30T13:29:30.467+0600][2.036s] GC(2) Concurrent Rebuild Remembered Sets 9.562ms
[2022-11-30T13:29:30.467+0600][2.037s] GC(2) Pause Cleanup
[2022-11-30T13:29:30.467+0600][2.037s] GC(2) Pause Cleanup 16M->16M(512M) 0.228ms
[2022-11-30T13:29:30.467+0600][2.037s] GC(2) User=0.00s Sys=0.00s Real=0.00s
[2022-11-30T13:29:30.467+0600][2.037s] GC(2) Concurrent Cleanup for Next Mark
[2022-11-30T13:29:30.468+0600][2.038s] GC(2) Concurrent Cleanup for Next Mark 0.728ms
[2022-11-30T13:29:30.468+0600][2.038s] GC(2) Concurrent Mark Cycle 23.464ms
[2022-11-30T13:29:31.806+0600][3.375s] GC(3) Pause Young (Normal) (G1 Evacuation Pause)
[2022-11-30T13:29:31.806+0600][3.375s] GC(3) Using 8 workers of 8 for evacuation
[2022-11-30T13:29:31.812+0600][3.382s] GC(3)   Pre Evacuate Collection Set: 0.1ms
[2022-11-30T13:29:31.812+0600][3.382s] GC(3)   Merge Heap Roots: 0.1ms
[2022-11-30T13:29:31.812+0600][3.382s] GC(3)   Evacuate Collection Set: 5.5ms
[2022-11-30T13:29:31.812+0600][3.382s] GC(3)   Post Evacuate Collection Set: 0.8ms
[2022-11-30T13:29:31.812+0600][3.382s] GC(3)   Other: 0.1ms
[2022-11-30T13:29:31.812+0600][3.382s] GC(3) Eden regions: 57->0(300)
[2022-11-30T13:29:31.812+0600][3.382s] GC(3) Survivor regions: 6->7(8)
[2022-11-30T13:29:31.812+0600][3.382s] GC(3) Old regions: 6->12
[2022-11-30T13:29:31.812+0600][3.382s] GC(3) Archive regions: 0->0
[2022-11-30T13:29:31.812+0600][3.382s] GC(3) Humongous regions: 4->4
[2022-11-30T13:29:31.812+0600][3.382s] GC(3) Metaspace: 27001K(27392K)->27001K(27392K) NonClass: 24264K(24448K)->24264K(24448K) Class: 2737K(2944K)->2737K(2944K)
[2022-11-30T13:29:31.812+0600][3.382s] GC(3) Pause Young (Normal) (G1 Evacuation Pause) 72M->22M(512M) 6.715ms
[2022-11-30T13:29:31.812+0600][3.382s] GC(3) User=0.05s Sys=0.00s Real=0.01s
[2022-11-30T13:29:33.326+0600][4.896s] GC(4) Pause Young (Concurrent Start) (Metadata GC Threshold)
[2022-11-30T13:29:33.326+0600][4.896s] GC(4) Using 8 workers of 8 for evacuation
[2022-11-30T13:29:33.330+0600][4.900s] GC(4)   Pre Evacuate Collection Set: 0.2ms
[2022-11-30T13:29:33.330+0600][4.900s] GC(4)   Merge Heap Roots: 0.1ms
[2022-11-30T13:29:33.330+0600][4.900s] GC(4)   Evacuate Collection Set: 3.0ms
[2022-11-30T13:29:33.330+0600][4.900s] GC(4)   Post Evacuate Collection Set: 0.6ms
[2022-11-30T13:29:33.330+0600][4.900s] GC(4)   Other: 0.1ms
[2022-11-30T13:29:33.330+0600][4.900s] GC(4) Eden regions: 94->0(299)
[2022-11-30T13:29:33.330+0600][4.900s] GC(4) Survivor regions: 7->8(39)
[2022-11-30T13:29:33.330+0600][4.900s] GC(4) Old regions: 12->12
[2022-11-30T13:29:33.330+0600][4.900s] GC(4) Archive regions: 0->0
[2022-11-30T13:29:33.330+0600][4.900s] GC(4) Humongous regions: 4->4
[2022-11-30T13:29:33.330+0600][4.900s] GC(4) Metaspace: 35517K(35968K)->35517K(35968K) NonClass: 31881K(32128K)->31881K(32128K) Class: 3635K(3840K)->3635K(3840K)
[2022-11-30T13:29:33.330+0600][4.900s] GC(4) Pause Young (Concurrent Start) (Metadata GC Threshold) 116M->23M(512M) 4.188ms
[2022-11-30T13:29:33.330+0600][4.900s] GC(4) User=0.03s Sys=0.00s Real=0.00s
[2022-11-30T13:29:33.330+0600][4.900s] GC(5) Concurrent Mark Cycle
[2022-11-30T13:29:33.330+0600][4.900s] GC(5) Concurrent Clear Claimed Marks
[2022-11-30T13:29:33.330+0600][4.900s] GC(5) Concurrent Clear Claimed Marks 0.045ms
[2022-11-30T13:29:33.330+0600][4.900s] GC(5) Concurrent Scan Root Regions
[2022-11-30T13:29:33.333+0600][4.903s] GC(5) Concurrent Scan Root Regions 2.610ms
[2022-11-30T13:29:33.333+0600][4.903s] GC(5) Concurrent Mark
[2022-11-30T13:29:33.333+0600][4.903s] GC(5) Concurrent Mark From Roots
[2022-11-30T13:29:33.333+0600][4.903s] GC(5) Using 2 workers of 2 for marking
[2022-11-30T13:29:33.355+0600][4.925s] GC(5) Concurrent Mark From Roots 22.160ms
[2022-11-30T13:29:33.355+0600][4.925s] GC(5) Concurrent Preclean
[2022-11-30T13:29:33.355+0600][4.925s] GC(5) Concurrent Preclean 0.047ms
[2022-11-30T13:29:33.355+0600][4.925s] GC(5) Pause Remark
[2022-11-30T13:29:33.357+0600][4.927s] GC(5) Pause Remark 26M->26M(512M) 1.606ms
[2022-11-30T13:29:33.357+0600][4.927s] GC(5) User=0.00s Sys=0.00s Real=0.00s
[2022-11-30T13:29:33.357+0600][4.927s] GC(5) Concurrent Mark 24.116ms
[2022-11-30T13:29:33.357+0600][4.927s] GC(5) Concurrent Rebuild Remembered Sets
[2022-11-30T13:29:33.366+0600][4.936s] GC(5) Concurrent Rebuild Remembered Sets 9.288ms
[2022-11-30T13:29:33.367+0600][4.937s] GC(5) Pause Cleanup
[2022-11-30T13:29:33.367+0600][4.937s] GC(5) Pause Cleanup 27M->27M(512M) 0.084ms
[2022-11-30T13:29:33.367+0600][4.937s] GC(5) User=0.00s Sys=0.00s Real=0.00s
[2022-11-30T13:29:33.367+0600][4.937s] GC(5) Concurrent Cleanup for Next Mark
[2022-11-30T13:29:33.367+0600][4.937s] GC(5) Concurrent Cleanup for Next Mark 0.465ms
[2022-11-30T13:29:33.367+0600][4.937s] GC(5) Concurrent Mark Cycle 37.114ms
[2022-11-30T13:30:00.203+0600][31.773s] GC(6) Pause Young (Prepare Mixed) (G1 Evacuation Pause)
[2022-11-30T13:30:00.203+0600][31.773s] GC(6) Using 8 workers of 8 for evacuation
[2022-11-30T13:30:00.219+0600][31.789s] GC(6)   Pre Evacuate Collection Set: 0.1ms
[2022-11-30T13:30:00.219+0600][31.789s] GC(6)   Merge Heap Roots: 0.1ms
[2022-11-30T13:30:00.219+0600][31.789s] GC(6)   Evacuate Collection Set: 13.5ms
[2022-11-30T13:30:00.219+0600][31.789s] GC(6)   Post Evacuate Collection Set: 1.9ms
[2022-11-30T13:30:00.219+0600][31.789s] GC(6)   Other: 0.1ms
[2022-11-30T13:30:00.219+0600][31.789s] GC(6) Eden regions: 299->0(1)
[2022-11-30T13:30:00.219+0600][31.789s] GC(6) Survivor regions: 8->28(39)
[2022-11-30T13:30:00.219+0600][31.789s] GC(6) Old regions: 12->12
[2022-11-30T13:30:00.219+0600][31.789s] GC(6) Archive regions: 0->0
[2022-11-30T13:30:00.219+0600][31.789s] GC(6) Humongous regions: 5->4
[2022-11-30T13:30:00.219+0600][31.789s] GC(6) Metaspace: 57577K(58176K)->57577K(58176K) NonClass: 51199K(51520K)->51199K(51520K) Class: 6377K(6656K)->6377K(6656K)
[2022-11-30T13:30:00.219+0600][31.789s] GC(6) Pause Young (Prepare Mixed) (G1 Evacuation Pause) 323M->43M(512M) 15.891ms
[2022-11-30T13:30:00.219+0600][31.789s] GC(6) User=0.10s Sys=0.00s Real=0.01s
[2022-11-30T13:30:00.221+0600][31.791s] GC(7) Pause Young (Mixed) (G1 Evacuation Pause)
[2022-11-30T13:30:00.221+0600][31.791s] GC(7) Using 8 workers of 8 for evacuation
[2022-11-30T13:30:00.236+0600][31.806s] GC(7)   Pre Evacuate Collection Set: 0.1ms
[2022-11-30T13:30:00.237+0600][31.806s] GC(7)   Merge Heap Roots: 0.1ms
[2022-11-30T13:30:00.237+0600][31.806s] GC(7)   Evacuate Collection Set: 14.0ms
[2022-11-30T13:30:00.237+0600][31.806s] GC(7)   Post Evacuate Collection Set: 0.8ms
[2022-11-30T13:30:00.237+0600][31.806s] GC(7)   Other: 0.1ms
[2022-11-30T13:30:00.237+0600][31.806s] GC(7) Eden regions: 1->0(304)
[2022-11-30T13:30:00.237+0600][31.806s] GC(7) Survivor regions: 28->3(4)
[2022-11-30T13:30:00.237+0600][31.806s] GC(7) Old regions: 12->39
[2022-11-30T13:30:00.237+0600][31.806s] GC(7) Archive regions: 0->0
[2022-11-30T13:30:00.237+0600][31.806s] GC(7) Humongous regions: 4->4
[2022-11-30T13:30:00.237+0600][31.806s] GC(7) Metaspace: 57577K(58176K)->57577K(58176K) NonClass: 51200K(51520K)->51200K(51520K) Class: 6377K(6656K)->6377K(6656K)
[2022-11-30T13:30:00.237+0600][31.806s] GC(7) Pause Young (Mixed) (G1 Evacuation Pause) 44M->44M(512M) 15.222ms
[2022-11-30T13:30:00.237+0600][31.807s] GC(7) User=0.10s Sys=0.00s Real=0.01s
[2022-11-30T13:31:15.177+0600][106.747s] GC(8) Pause Young (Concurrent Start) (Metadata GC Threshold)
[2022-11-30T13:31:15.177+0600][106.747s] GC(8) Using 8 workers of 8 for evacuation
[2022-11-30T13:31:15.179+0600][106.749s] GC(8)   Pre Evacuate Collection Set: 0.2ms
[2022-11-30T13:31:15.179+0600][106.749s] GC(8)   Merge Heap Roots: 0.1ms
[2022-11-30T13:31:15.179+0600][106.749s] GC(8)   Evacuate Collection Set: 1.3ms
[2022-11-30T13:31:15.179+0600][106.749s] GC(8)   Post Evacuate Collection Set: 0.4ms
[2022-11-30T13:31:15.179+0600][106.749s] GC(8)   Other: 0.1ms
[2022-11-30T13:31:15.179+0600][106.749s] GC(8) Eden regions: 31->0(306)
[2022-11-30T13:31:15.179+0600][106.749s] GC(8) Survivor regions: 3->1(39)
[2022-11-30T13:31:15.179+0600][106.749s] GC(8) Old regions: 39->39
[2022-11-30T13:31:15.179+0600][106.749s] GC(8) Archive regions: 0->0
[2022-11-30T13:31:15.179+0600][106.749s] GC(8) Humongous regions: 4->4
[2022-11-30T13:31:15.179+0600][106.749s] GC(8) Metaspace: 59907K(60480K)->59907K(60480K) NonClass: 53258K(53568K)->53258K(53568K) Class: 6649K(6912K)->6649K(6912K)
[2022-11-30T13:31:15.179+0600][106.749s] GC(8) Pause Young (Concurrent Start) (Metadata GC Threshold) 75M->43M(512M) 2.226ms
[2022-11-30T13:31:15.179+0600][106.749s] GC(8) User=0.01s Sys=0.00s Real=0.00s
[2022-11-30T13:31:15.179+0600][106.749s] GC(9) Concurrent Mark Cycle
[2022-11-30T13:31:15.179+0600][106.749s] GC(9) Concurrent Clear Claimed Marks
[2022-11-30T13:31:15.179+0600][106.749s] GC(9) Concurrent Clear Claimed Marks 0.050ms
[2022-11-30T13:31:15.179+0600][106.749s] GC(9) Concurrent Scan Root Regions
[2022-11-30T13:31:15.180+0600][106.750s] GC(9) Concurrent Scan Root Regions 1.209ms
[2022-11-30T13:31:15.180+0600][106.750s] GC(9) Concurrent Mark
[2022-11-30T13:31:15.180+0600][106.750s] GC(9) Concurrent Mark From Roots
[2022-11-30T13:31:15.180+0600][106.750s] GC(9) Using 2 workers of 2 for marking
[2022-11-30T13:31:15.210+0600][106.780s] GC(9) Concurrent Mark From Roots 29.854ms
[2022-11-30T13:31:15.210+0600][106.780s] GC(9) Concurrent Preclean
[2022-11-30T13:31:15.210+0600][106.780s] GC(9) Concurrent Preclean 0.082ms
[2022-11-30T13:31:15.210+0600][106.780s] GC(9) Pause Remark
[2022-11-30T13:31:15.212+0600][106.782s] GC(9) Pause Remark 46M->46M(512M) 2.139ms
[2022-11-30T13:31:15.212+0600][106.782s] GC(9) User=0.01s Sys=0.00s Real=0.01s
[2022-11-30T13:31:15.213+0600][106.782s] GC(9) Concurrent Mark 32.254ms
[2022-11-30T13:31:15.213+0600][106.782s] GC(9) Concurrent Rebuild Remembered Sets
[2022-11-30T13:31:15.228+0600][106.798s] GC(9) Concurrent Rebuild Remembered Sets 15.548ms
[2022-11-30T13:31:15.228+0600][106.798s] GC(9) Pause Cleanup
[2022-11-30T13:31:15.228+0600][106.798s] GC(9) Pause Cleanup 47M->47M(512M) 0.099ms
[2022-11-30T13:31:15.228+0600][106.798s] GC(9) User=0.00s Sys=0.00s Real=0.00s
[2022-11-30T13:31:15.228+0600][106.798s] GC(9) Concurrent Cleanup for Next Mark
[2022-11-30T13:31:15.229+0600][106.799s] GC(9) Concurrent Cleanup for Next Mark 0.354ms
[2022-11-30T13:31:15.229+0600][106.799s] GC(9) Concurrent Mark Cycle 49.818ms
[2022-11-30T13:58:09.659+0600][1721.228s] Heap
[2022-11-30T13:58:09.659+0600][1721.229s]  garbage-first heap   total 524288K, used 83832K [0x00000000e0000000, 0x0000000100000000)
[2022-11-30T13:58:09.659+0600][1721.229s]   region size 1024K, 37 young (37888K), 1 survivors (1024K)
[2022-11-30T13:58:09.659+0600][1721.229s]  Metaspace       used 60960K, committed 61568K, reserved 1114112K
[2022-11-30T13:58:09.659+0600][1721.229s]   class space    used 6769K, committed 7040K, reserved 1048576K
